{
  "stage3_admission": false,
  "historical_gate": "FAIL_PRESERVADO",
  "input_hashes": {
    "/home/daroch/AXIOMA_ASTRA/campanas/etapa3_pn629_intervention_20260923_15/full_odor_right_01/RESULT.json": "5b14f10794c7075f30a2d996b40ed2284d05653abfe5aab22550229c1f7b4ab3",
    "/home/daroch/AXIOMA_ASTRA/campanas/etapa3_pn629_intervention_20260923_15/full_odor_right_01/RUN_CONTRACT.json": "19d618c0ff2cd8f3150af8b1b77da96651ee29508f62f7edee5012cf4deab1cc",
    "/home/daroch/AXIOMA_ASTRA/campanas/etapa3_pn629_intervention_20260923_15/full_odor_right_01/INTERVENTION.json": "19131c2698958218f39b36c3caefb05c1898c13d5895f6bc0588b04e1f1b6249",
    "/home/daroch/AXIOMA_ASTRA/campanas/etapa3_pn629_intervention_20260923_15/full_odor_right_01/FROZEN.json": "635b22ca0ea6eb69367a755b48c3793f80c8f338739528ca6b75412fcde31b93",
    "/home/daroch/AXIOMA_ASTRA/campanas/etapa3_pn629_intervention_20260923_15/full_odor_right_01/traces.npz": "82b0bf25b2de5d019056be1f0b9bac6e25d2ea45b5f2fa29e84b2a8c71d515e3",
    "/home/daroch/AXIOMA_ASTRA/campanas/etapa3_pn629_intervention_20260923_15/full_odor_right_01/flow/FLOW.npz": "cec8386baa273272d2de4d01ed842562620b21abefbd9dbd9cfd11462b98703f",
    "/home/daroch/AXIOMA_ASTRA/campanas/etapa3_pn629_intervention_20260923_15/full_odor_right_01/flow/RESULT.json": "38c312a49723fc1b616f450cb8fc7d9c3e308076fdfd3c2d6bb2a8697bf7508a",
    "/home/daroch/AXIOMA_ASTRA/campanas/etapa3_pn629_intervention_20260923_15/full_odor_right_01/EVENT_AUDIT.json": "5396fff35fe26807f889bdf96bf4234470d016e496f3738887d209b6876d16ab",
    "/home/daroch/AXIOMA_ASTRA/campanas/etapa3_funcional_20260923_16/reference_odor_right_01/RESULT.json": "e31019056f8d615f70dcd4b9b276e4abaa345bd6447fd6246e9bd34215f2486a",
    "/home/daroch/AXIOMA_ASTRA/campanas/etapa3_funcional_20260923_16/reference_odor_right_01/RUN_CONTRACT.json": "f8be92e8452aaabf02380e2de40e7282f9ba55f2b2099bccd99eacde08e48088",
    "/home/daroch/AXIOMA_ASTRA/campanas/etapa3_funcional_20260923_16/reference_odor_right_01/INTERVENTION.json": "19131c2698958218f39b36c3caefb05c1898c13d5895f6bc0588b04e1f1b6249",
    "/home/daroch/AXIOMA_ASTRA/campanas/etapa3_funcional_20260923_16/reference_odor_right_01/FROZEN.json": "635b22ca0ea6eb69367a755b48c3793f80c8f338739528ca6b75412fcde31b93",
    "/home/daroch/AXIOMA_ASTRA/campanas/etapa3_funcional_20260923_16/reference_odor_right_01/traces.npz": "738d71470e7c2c80282582b4dc10ad4eb94405c75726045b87ee824dd0358266",
    "/home/daroch/AXIOMA_ASTRA/campanas/etapa3_funcional_20260923_16/reference_odor_right_01/flow/FLOW.npz": "d4946b82dd6eb90c70cf8069023c112c1fbe01e6ab1006651d4cac5bc5a1a1ae",
    "/home/daroch/AXIOMA_ASTRA/campanas/etapa3_funcional_20260923_16/reference_odor_right_01/flow/RESULT.json": "38c312a49723fc1b616f450cb8fc7d9c3e308076fdfd3c2d6bb2a8697bf7508a",
    "/home/daroch/AXIOMA_ASTRA/campanas/etapa3_funcional_20260923_16/reference_odor_right_01/EVENT_AUDIT.json": "d206962be27fed3186ffa1555606779a7d29a3c3714eb7fdae39b4eb5c04154a",
    "/home/daroch/AXIOMA_ASTRA/campanas/etapa3_pn629_intervention_20260923_15/full_sham_01/RESULT.json": "9e15d74d2f1c8f3e163171743d85801c0e69b9f8d7bc470799f174ebb933cdab",
    "/home/daroch/AXIOMA_ASTRA/campanas/etapa3_pn629_intervention_20260923_15/full_sham_01/RUN_CONTRACT.json": "eeab043627fa56d14f8b834088755c45800770e54622440bb49c6bdac5305842",
    "/home/daroch/AXIOMA_ASTRA/campanas/etapa3_pn629_intervention_20260923_15/full_sham_01/INTERVENTION.json": "19131c2698958218f39b36c3caefb05c1898c13d5895f6bc0588b04e1f1b6249",
    "/home/daroch/AXIOMA_ASTRA/campanas/etapa3_pn629_intervention_20260923_15/full_sham_01/FROZEN.json": "635b22ca0ea6eb69367a755b48c3793f80c8f338739528ca6b75412fcde31b93",
    "/home/daroch/AXIOMA_ASTRA/campanas/etapa3_pn629_intervention_20260923_15/full_sham_01/traces.npz": "097ee4ef5501bcf6df296c3d2f0b1c108e738da46d2e0cf779cfd3b2359ec5b8",
    "/home/daroch/AXIOMA_ASTRA/campanas/etapa3_pn629_intervention_20260923_15/full_sham_01/flow/FLOW.npz": "7d22ce7f7425dabc1328328ef2ee2052192f4b3b88673d0fdba7cc8fac74a837",
    "/home/daroch/AXIOMA_ASTRA/campanas/etapa3_pn629_intervention_20260923_15/full_sham_01/flow/RESULT.json": "7dd86a6c0f11f07f6c9830cf30056498014bd7437cd32b941c97b4f1934ee9b7",
    "/home/daroch/AXIOMA_ASTRA/campanas/etapa3_pn629_intervention_20260923_15/full_sham_01/EVENT_AUDIT.json": "6192fc424cbdac91fbc5997e7531e14a5cd9fc31a03a82baff0c14eeb988bac6",
    "/home/daroch/AXIOMA_ASTRA/campanas/etapa3_funcional_20260923_16/reference_sham_01/RESULT.json": "2291ba971a4265d0250f29c9f2a3e280e3814f703e5ed7ac46b97bd24f3bf7cc",
    "/home/daroch/AXIOMA_ASTRA/campanas/etapa3_funcional_20260923_16/reference_sham_01/RUN_CONTRACT.json": "f44160a77b2a66efffd1da6a148551f52b7f46198d06efb42b5ec5d83c03f83e",
    "/home/daroch/AXIOMA_ASTRA/campanas/etapa3_funcional_20260923_16/reference_sham_01/INTERVENTION.json": "19131c2698958218f39b36c3caefb05c1898c13d5895f6bc0588b04e1f1b6249",
    "/home/daroch/AXIOMA_ASTRA/campanas/etapa3_funcional_20260923_16/reference_sham_01/FROZEN.json": "635b22ca0ea6eb69367a755b48c3793f80c8f338739528ca6b75412fcde31b93",
    "/home/daroch/AXIOMA_ASTRA/campanas/etapa3_funcional_20260923_16/reference_sham_01/traces.npz": "b21dbdcad1b812f535a4d7e427e7d39091f50839d243cffbf04e110422390744",
    "/home/daroch/AXIOMA_ASTRA/campanas/etapa3_funcional_20260923_16/reference_sham_01/flow/FLOW.npz": "aff6981103aa8ae514a1e6a2c1451caa13930825399ba907dd02e4634f7dd2db",
    "/home/daroch/AXIOMA_ASTRA/campanas/etapa3_funcional_20260923_16/reference_sham_01/flow/RESULT.json": "7dd86a6c0f11f07f6c9830cf30056498014bd7437cd32b941c97b4f1934ee9b7",
    "/home/daroch/AXIOMA_ASTRA/campanas/etapa3_funcional_20260923_16/reference_sham_01/EVENT_AUDIT.json": "acfd1b7340c98720dd5695400120dbae869207cc92cfe4a409e99d609d1ce103",
    "/home/daroch/AXIOMA_ASTRA/campanas/etapa3_pn629_intervention_20260923_15/full_odor_left_01/RESULT.json": "175c1cceeb05d25ee08eda15c7550c58eaff72103ccefefd3e8d57402a3a68b5",
    "/home/daroch/AXIOMA_ASTRA/campanas/etapa3_pn629_intervention_20260923_15/full_odor_left_01/RUN_CONTRACT.json": "57e6ad96b57b3ae80405bd07f6b85f12639f84809ee0ce13dbb7d6cd4734b460",
    "/home/daroch/AXIOMA_ASTRA/campanas/etapa3_pn629_intervention_20260923_15/full_odor_left_01/INTERVENTION.json": "19131c2698958218f39b36c3caefb05c1898c13d5895f6bc0588b04e1f1b6249",
    "/home/daroch/AXIOMA_ASTRA/campanas/etapa3_pn629_intervention_20260923_15/full_odor_left_01/FROZEN.json": "635b22ca0ea6eb69367a755b48c3793f80c8f338739528ca6b75412fcde31b93",
    "/home/daroch/AXIOMA_ASTRA/campanas/etapa3_pn629_intervention_20260923_15/full_odor_left_01/traces.npz": "b47a8ad07b8b2f8fd1ac0e59f175d762487f2989a3c476fee65a00130cc8fd56",
    "/home/daroch/AXIOMA_ASTRA/campanas/etapa3_pn629_intervention_20260923_15/full_odor_left_01/flow/FLOW.npz": "9e506f7143af5cb2f8a99c16729446e75e533191e0d31d4d48113b867d9f8ad7",
    "/home/daroch/AXIOMA_ASTRA/campanas/etapa3_pn629_intervention_20260923_15/full_odor_left_01/flow/RESULT.json": "7dd86a6c0f11f07f6c9830cf30056498014bd7437cd32b941c97b4f1934ee9b7",
    "/home/daroch/AXIOMA_ASTRA/campanas/etapa3_pn629_intervention_20260923_15/full_odor_left_01/EVENT_AUDIT.json": "3ef62bed3e65898adf01e0b20f533ac892461d872cacee8c98df17641ea109aa",
    "/home/daroch/AXIOMA_ASTRA/campanas/etapa3_funcional_20260923_16/reference_odor_left_01/RESULT.json": "963d4a246043b929fb1e5f613ac74d009e8ee4e9bc3e90dd2102900e67e0329d",
    "/home/daroch/AXIOMA_ASTRA/campanas/etapa3_funcional_20260923_16/reference_odor_left_01/RUN_CONTRACT.json": "8e03f02f231829723e6c26de2b34cd0037f8573bee002037acd7f05263b3cb71",
    "/home/daroch/AXIOMA_ASTRA/campanas/etapa3_funcional_20260923_16/reference_odor_left_01/INTERVENTION.json": "19131c2698958218f39b36c3caefb05c1898c13d5895f6bc0588b04e1f1b6249",
    "/home/daroch/AXIOMA_ASTRA/campanas/etapa3_funcional_20260923_16/reference_odor_left_01/FROZEN.json": "635b22ca0ea6eb69367a755b48c3793f80c8f338739528ca6b75412fcde31b93",
    "/home/daroch/AXIOMA_ASTRA/campanas/etapa3_funcional_20260923_16/reference_odor_left_01/traces.npz": "e731254e408c4c82d8adb607a58275271259e6ed22ccc15ec290104cf58f37db",
    "/home/daroch/AXIOMA_ASTRA/campanas/etapa3_funcional_20260923_16/reference_odor_left_01/flow/FLOW.npz": "799391ebdd53862c660b37a887c8637600ffa7058f5ffad67119436bb8e23052",
    "/home/daroch/AXIOMA_ASTRA/campanas/etapa3_funcional_20260923_16/reference_odor_left_01/flow/RESULT.json": "7dd86a6c0f11f07f6c9830cf30056498014bd7437cd32b941c97b4f1934ee9b7",
    "/home/daroch/AXIOMA_ASTRA/campanas/etapa3_funcional_20260923_16/reference_odor_left_01/EVENT_AUDIT.json": "c2d322b47a6f52a08d27d4d2951d3f5ec3964bd0b848fe13db900926cb469c28"
  },
  "pairs": {
    "odor_right": {
      "observation_pair_ok": true,
      "yaw_sup_deg": 3.5432148592917656e-07,
      "command_L1_deg": 5.220743709557838e-07,
      "errors_by_trace_native_units": {
        "sensores_usados": 0.0,
        "sensores_pendientes": 0.0,
        "antenas_mm": 8.062999212743449e-09,
        "concentracion_campo": 0.0,
        "ORN_q_L": 2.7425294674143785e-10,
        "ORN_q_R": 1.146848449540272e-09,
        "ORN_filters": 1.3689731293009544e-10,
        "PN_q_legacy": 1.675559258007553e-08,
        "PN_general_transmission": 1.0816568377092217e-08,
        "PN_gamma_nS": 2.5526333668340895e-09,
        "PN_additional_nS": 2.5980349659809887e-09,
        "DN_q_actual": 1.5648642381904665e-09,
        "DN_q_usada": 1.5648642381904665e-09,
        "DN_baseline": 0.0,
        "command_forward_mm_s": 0.0,
        "command_yaw_rate_rad_s": 4.5975385295701776e-08,
        "qpos": 3.02442620947474e-09,
        "qvel": 4.4786398964869606e-08,
        "position_mm": 2.1056383303630355e-09,
        "yaw_delta_deg": 3.5432148592917656e-07,
        "upright": 9.248157795127554e-14,
        "normal_force_N": 3.715594726425714e-17,
        "contact_force_N": 5.999161334734047e-17,
        "generalized_force_native": 4.734461563731448e-12,
        "energy_motor_J": 2.0112054216997837e-22
      },
      "targets_by_id": {
        "10176": 3.909998539053383e-06,
        "10208": 5.9168890902405735e-06,
        "10360": 0.0,
        "523769": 0.0,
        "10065": 3.265367887195225e-08,
        "10118": 4.84414479640094e-08
      },
      "raw_by_id": {
        "10176": 0.05372088634612737,
        "10208": 0.09034765342221363,
        "10360": 0.03334235186764545,
        "523769": 0.026958266048950463,
        "10065": 0.001445793499442516,
        "10118": 0.0015486409211007413
      },
      "discrete_trace_changes": {},
      "events": {
        "status": "DESCRIPTIVO; no nuevo gate discreto",
        "predictor_counts": [
          11506,
          11507
        ],
        "accepted_counts": [
          22831,
          22831
        ],
        "count_differences": [],
        "max_ordinal_time_ns": 6250.0,
        "max_post_q": 1.0750491988453792e-05
      }
    },
    "sham": {
      "observation_pair_ok": true,
      "yaw_sup_deg": 3.567650672664513e-07,
      "command_L1_deg": 5.696113210560515e-07,
      "errors_by_trace_native_units": {
        "sensores_usados": 0.0,
        "sensores_pendientes": 0.0,
        "antenas_mm": 8.125308537110243e-09,
        "concentracion_campo": 0.0,
        "ORN_q_L": 2.7326926832493825e-10,
        "ORN_q_R": 9.608185080889342e-11,
        "ORN_filters": 7.777933852537444e-11,
        "PN_q_legacy": 1.192596699173265e-08,
        "PN_general_transmission": 1.1690437409783705e-08,
        "PN_gamma_nS": 2.6013487900225507e-09,
        "PN_additional_nS": 2.6310409337315654e-09,
        "DN_q_actual": 1.655585335491594e-09,
        "DN_q_usada": 1.655585335491594e-09,
        "DN_baseline": 0.0,
        "command_forward_mm_s": 0.0,
        "command_yaw_rate_rad_s": 4.184230974462605e-08,
        "qpos": 3.0455497290748923e-09,
        "qvel": 4.074825290080811e-08,
        "position_mm": 2.127814174857079e-09,
        "yaw_delta_deg": 3.56765070819165e-07,
        "upright": 9.514611321037592e-14,
        "normal_force_N": 3.3640337016678165e-17,
        "contact_force_N": 4.9101358417237073e-17,
        "generalized_force_native": 3.73008779219015e-12,
        "energy_motor_J": 4.657991909550557e-22
      },
      "targets_by_id": {
        "10176": 3.909998539053383e-06,
        "10208": 5.9168890902405735e-06,
        "10360": 0.0,
        "523769": 0.0,
        "10065": 1.838253538277712e-08,
        "10118": 8.809299312240171e-08
      },
      "raw_by_id": {
        "10176": 0.05372088634612737,
        "10208": 0.09034765342221363,
        "10360": 0.05849168838210517,
        "523769": 0.043270196248840875,
        "10065": 0.0008127867986331694,
        "10118": 0.002813801287629758
      },
      "discrete_trace_changes": {},
      "events": {
        "status": "DESCRIPTIVO; no nuevo gate discreto",
        "predictor_counts": [
          11383,
          11381
        ],
        "accepted_counts": [
          22670,
          22670
        ],
        "count_differences": [],
        "max_ordinal_time_ns": 3125.0,
        "max_post_q": 7.560685930663169e-06
      }
    },
    "odor_left": {
      "observation_pair_ok": true,
      "yaw_sup_deg": 3.4058844988749115e-07,
      "command_L1_deg": 4.862564955640051e-07,
      "errors_by_trace_native_units": {
        "sensores_usados": 0.0,
        "sensores_pendientes": 0.0,
        "antenas_mm": 7.767817167270152e-09,
        "concentracion_campo": 0.0,
        "ORN_q_L": 7.087430475838374e-09,
        "ORN_q_R": 9.604759348968983e-11,
        "ORN_filters": 6.450785045020169e-10,
        "PN_q_legacy": 1.6736185104448964e-08,
        "PN_general_transmission": 7.727967064885544e-09,
        "PN_gamma_nS": 2.1180707552442835e-09,
        "PN_additional_nS": 2.1626943352490158e-09,
        "DN_q_actual": 1.783245662245747e-09,
        "DN_q_usada": 1.783245662245747e-09,
        "DN_baseline": 0.0,
        "command_forward_mm_s": 0.0,
        "command_yaw_rate_rad_s": 3.9817596071863026e-08,
        "qpos": 2.9078260632697805e-09,
        "qvel": 3.874112180363154e-08,
        "position_mm": 2.039358210081943e-09,
        "yaw_delta_deg": 3.405884285712091e-07,
        "upright": 7.838174553853605e-14,
        "normal_force_N": 2.804271978474812e-17,
        "contact_force_N": 4.329978143605637e-17,
        "generalized_force_native": 3.2306054443977225e-12,
        "energy_motor_J": 3.4362081785120886e-22
      },
      "targets_by_id": {
        "10176": 3.909998539053383e-06,
        "10208": 5.9168890902405735e-06,
        "10360": 0.0,
        "523769": 0.0,
        "10065": 1.604905885965735e-08,
        "10118": 4.84414479640094e-08
      },
      "raw_by_id": {
        "10176": 0.05372088634612737,
        "10208": 0.09034765342221363,
        "10360": 0.04372534925664695,
        "523769": 0.030717044985294706,
        "10065": 0.0007101623486960307,
        "10118": 0.0015486409211007413
      },
      "discrete_trace_changes": {},
      "events": {
        "status": "DESCRIPTIVO; no nuevo gate discreto",
        "predictor_counts": [
          11580,
          11580
        ],
        "accepted_counts": [
          22751,
          22751
        ],
        "count_differences": [],
        "max_ordinal_time_ns": 4688.0,
        "max_post_q": 1.2991510881354973e-05
      }
    }
  },
  "orientation": {
    "status": "PENDIENTE_CUATRO_BRAZOS",
    "complete": false
  },
  "observations_concordant": true,
  "remaining": "Retirada del lector en organismo acoplado y continuación propia no verificadas por este analizador. Sin certificado entre muestras ni de error respecto de la solución exacta.",
  "status": "ANALISIS_COMPLETO",
  "code_sha256": "51ae660168bdfd4ba9595cf7362c6492354a708b93e3835d4f6c7f93c6e3ff54"
}
