Traceback (most recent call last):
  File "/home/daroch/AXIOMA_ASTRA/motor_nuevo/native_hybrid_20260922/benchmark_real.py", line 61, in <module>
    if __name__=='__main__':main()
  File "/home/daroch/AXIOMA_ASTRA/motor_nuevo/native_hybrid_20260922/benchmark_real.py", line 43, in main
    phase.clear();used=obj.core.pending_sensors.copy();cp.cuda.runtime.deviceSynchronize();t=time.perf_counter();obj.step();cp.cuda.runtime.deviceSynchronize();step=time.perf_counter()-t
  File "/home/daroch/AXIOMA_FLYWIRE/matrix/work/stage4_antennal_contact_adapter_20260915/antennal_runtime.py", line 135, in step
    row=super().step();self._validate_adapter()
  File "/home/daroch/AXIOMA_FLYWIRE/matrix/work/stage2_contact_cns_20260915/contact_runtime.py", line 69, in step
    row=self.core.step()
  File "/home/daroch/AXIOMA_FLYWIRE/matrix/src/rh_tarsal_session.py", line 100, in step
    row=super().step();self.body.rh_pending=self.rh_command();self._validate_rh_pending()
  File "/home/daroch/AXIOMA_FLYWIRE/matrix/src/guarded_tibia_session.py", line 64, in step
    row=super().step()
  File "/home/daroch/AXIOMA_FLYWIRE/matrix/src/serial_ctr_session.py", line 83, in step
    row=super().step();self.body.pending_serial=self.serial_command();self._validate_serial_pending()
  File "/home/daroch/AXIOMA_FLYWIRE/matrix/src/cxhp8_position_session.py", line 44, in step
    row=super().step();self.hybrid.set_cxhp8_sample(self.cxhp8_field.sample(self.body));self._validate_cxhp8_pending()
  File "/home/daroch/AXIOMA_FLYWIRE/matrix/src/rf_tarsal_session.py", line 63, in step
    row=super().step();self.body.pending_tarsal=self.tarsal_command();self._validate_tarsal_pending()
  File "/home/daroch/AXIOMA_FLYWIRE/matrix/src/bilateral_front_session.py", line 63, in step
    self._validate_rf_pending();used=self.body.pending_rf.copy();row=super().step();self.body.pending_rf=self.right_front_command();self._validate_rf_pending()
  File "/home/daroch/AXIOMA_FLYWIRE/matrix/src/trochanter_session.py", line 61, in step
    self._validate_tr_pending();used=self.body.pending_tr.copy();row=super().step();self.body.pending_tr=self.trochanter_command();self._validate_tr_pending()
  File "/home/daroch/AXIOMA_FLYWIRE/matrix/src/coxal_session.py", line 91, in step
    row=super().step()
  File "/home/daroch/AXIOMA_FLYWIRE/matrix/src/flybody_cns_session.py", line 102, in step
    row=super().step()
  File "/home/daroch/AXIOMA_FLYWIRE/matrix/src/olfactory_endogenous_session.py", line 56, in step
    row=super().step()
  File "/home/daroch/AXIOMA_FLYWIRE/matrix/src/lamina_boundary_session.py", line 118, in step
    row=super().step()
  File "/home/daroch/AXIOMA_FLYWIRE/matrix/src/prosthetic_olfactory_session.py", line 100, in step
    row = super().step()
  File "/home/daroch/AXIOMA_FLYWIRE/matrix/src/kcgamma_sensory_probe.py", line 158, in step
    self.hybrid.advance(self.CONTROL_NS, drive, light)
  File "/home/daroch/AXIOMA_FLYWIRE/matrix/src/coefficient_buffer_brain.py", line 54, in advance
    return super().advance(dt_ns, drive, light)
  File "/home/daroch/AXIOMA_FLYWIRE/matrix/work/motor13_20260922/block_midpoint.py", line 108, in advance
    cns(self,half,drive,light,False);middle=copy.deepcopy(self._online_ports.observe())
  File "/home/daroch/AXIOMA_FLYWIRE/matrix/work/motor13_20260922/block_midpoint.py", line 87, in cns
    try:GpuProjectionParallelBrain.advance(self,ns,drive,light)
  File "/home/daroch/AXIOMA_FLYWIRE/matrix/src/kc_axonal_brain.py", line 69, in advance
    super().advance(ns,drive,light)
  File "/home/daroch/AXIOMA_FLYWIRE/matrix/work/motor14_20260922/event_coupling.py", line 71, in begin
    result=old_spatial(self,dt_ns,drive,light)
  File "/home/daroch/AXIOMA_FLYWIRE/matrix/src/kc_spatial_brain.py", line 78, in advance
    qgamma=self._spatial_batch.advance(ns,eg,ig,inner_step_ns=m['inner_step_ns'])
  File "/home/daroch/AXIOMA_ASTRA/motor_nuevo/native_hybrid_20260922/benchmark_real.py", line 22, in wrap
    try:return old(*args,**kw)
  File "/home/daroch/AXIOMA_FLYWIRE/matrix/work/motor13_20260922/kc_adaptive.py", line 83, in sample
    result=batch.advance(dt_ns,ge,gi,inner_step_ns=inner_step_ns,**kwargs)
  File "/home/daroch/AXIOMA_ASTRA/motor_nuevo/native_hybrid_20260922/native_cell.py", line 129, in advance
    return holder.core.advance(self,*args,**kw)
  File "/home/daroch/AXIOMA_ASTRA/motor_nuevo/native_hybrid_20260922/native_cell.py", line 99, in advance
    if status:raise RuntimeError(self.lib.cell_error().decode())
RuntimeError: nonfinite membrane estimator
