Traceback (most recent call last):
  File "/home/daroch/miniconda3/envs/GPU/lib/python3.10/site-packages/cupy/cuda/compiler.py", line 731, in compile
    nvrtc.compileProgram(self.ptr, options)
  File "cupy_backends/cuda/libs/nvrtc.pyx", line 125, in cupy_backends.cuda.libs.nvrtc.compileProgram
  File "cupy_backends/cuda/libs/nvrtc.pyx", line 138, in cupy_backends.cuda.libs.nvrtc.compileProgram
  File "cupy_backends/cuda/libs/nvrtc.pyx", line 53, in cupy_backends.cuda.libs.nvrtc.check_status
cupy_backends.cuda.libs.nvrtc.NVRTCError: NVRTC_ERROR_COMPILATION (6)

During handling of the above exception, another exception occurred:

Traceback (most recent call last):
  File "/home/daroch/AXIOMA_ASTRA/motor_nuevo/native_hybrid_20260922/check_basis.py", line 34, in <module>
    a,ga,t0,ka=run(KERNEL,False,ns*1e-9);b1,gb,t1,kb=run(compiled,True,ns*1e-9)
  File "/home/daroch/AXIOMA_ASTRA/motor_nuevo/native_hybrid_20260922/check_basis.py", line 26, in run
    kernel((n,),(32,),args);cp.cuda.get_current_stream().synchronize()
  File "cupy/_core/raw.pyx", line 93, in cupy._core.raw.RawKernel.__call__
  File "cupy/_core/raw.pyx", line 100, in cupy._core.raw.RawKernel.kernel.__get__
  File "cupy/_core/raw.pyx", line 117, in cupy._core.raw.RawKernel._kernel
  File "cupy/_util.pyx", line 67, in cupy._util.memoize.decorator.ret
  File "cupy/_core/raw.pyx", line 538, in cupy._core.raw._get_raw_module
  File "cupy/_core/core.pyx", line 2359, in cupy._core.core.compile_with_cache
  File "cupy/_core/core.pyx", line 2377, in cupy._core.core.compile_with_cache
  File "/home/daroch/miniconda3/envs/GPU/lib/python3.10/site-packages/cupy/cuda/compiler.py", line 536, in _compile_module_with_cache
    return _compile_with_cache_cuda(
  File "/home/daroch/miniconda3/envs/GPU/lib/python3.10/site-packages/cupy/cuda/compiler.py", line 616, in _compile_with_cache_cuda
    ptx, mapping = compile_using_nvrtc(
  File "/home/daroch/miniconda3/envs/GPU/lib/python3.10/site-packages/cupy/cuda/compiler.py", line 370, in compile_using_nvrtc
    return _compile(source, options, cu_path,
  File "/home/daroch/miniconda3/envs/GPU/lib/python3.10/site-packages/cupy/cuda/compiler.py", line 354, in _compile
    compiled_obj, mapping = prog.compile(options, log_stream)
  File "/home/daroch/miniconda3/envs/GPU/lib/python3.10/site-packages/cupy/cuda/compiler.py", line 750, in compile
    raise CompileException(log, self.src, self.name, options,
cupy.cuda.compiler.CompileException: /tmp/tmpnxa16spx/0a2964ba6e2ab9fdd2d0ed099269e5d55011aed8.cubin.cu(54): error: extra text after expected end of number

/tmp/tmpnxa16spx/0a2964ba6e2ab9fdd2d0ed099269e5d55011aed8.cubin.cu(54): error: extra text after expected end of number

/tmp/tmpnxa16spx/0a2964ba6e2ab9fdd2d0ed099269e5d55011aed8.cubin.cu(54): error: extra text after expected end of number

/tmp/tmpnxa16spx/0a2964ba6e2ab9fdd2d0ed099269e5d55011aed8.cubin.cu(54): error: extra text after expected end of number

/tmp/tmpnxa16spx/0a2964ba6e2ab9fdd2d0ed099269e5d55011aed8.cubin.cu(54): error: extra text after expected end of number

/tmp/tmpnxa16spx/0a2964ba6e2ab9fdd2d0ed099269e5d55011aed8.cubin.cu(54): error: extra text after expected end of number

/tmp/tmpnxa16spx/0a2964ba6e2ab9fdd2d0ed099269e5d55011aed8.cubin.cu(58): error: extra text after expected end of number

/tmp/tmpnxa16spx/0a2964ba6e2ab9fdd2d0ed099269e5d55011aed8.cubin.cu(58): error: extra text after expected end of number

/tmp/tmpnxa16spx/0a2964ba6e2ab9fdd2d0ed099269e5d55011aed8.cubin.cu(58): error: extra text after expected end of number

/tmp/tmpnxa16spx/0a2964ba6e2ab9fdd2d0ed099269e5d55011aed8.cubin.cu(58): error: extra text after expected end of number

/tmp/tmpnxa16spx/0a2964ba6e2ab9fdd2d0ed099269e5d55011aed8.cubin.cu(58): error: extra text after expected end of number

/tmp/tmpnxa16spx/0a2964ba6e2ab9fdd2d0ed099269e5d55011aed8.cubin.cu(58): error: extra text after expected end of number

/tmp/tmpnxa16spx/0a2964ba6e2ab9fdd2d0ed099269e5d55011aed8.cubin.cu(62): error: extra text after expected end of number

/tmp/tmpnxa16spx/0a2964ba6e2ab9fdd2d0ed099269e5d55011aed8.cubin.cu(62): error: extra text after expected end of number

/tmp/tmpnxa16spx/0a2964ba6e2ab9fdd2d0ed099269e5d55011aed8.cubin.cu(62): error: extra text after expected end of number

/tmp/tmpnxa16spx/0a2964ba6e2ab9fdd2d0ed099269e5d55011aed8.cubin.cu(62): error: extra text after expected end of number

/tmp/tmpnxa16spx/0a2964ba6e2ab9fdd2d0ed099269e5d55011aed8.cubin.cu(62): error: extra text after expected end of number

/tmp/tmpnxa16spx/0a2964ba6e2ab9fdd2d0ed099269e5d55011aed8.cubin.cu(62): error: extra text after expected end of number

/tmp/tmpnxa16spx/0a2964ba6e2ab9fdd2d0ed099269e5d55011aed8.cubin.cu(66): error: extra text after expected end of number

/tmp/tmpnxa16spx/0a2964ba6e2ab9fdd2d0ed099269e5d55011aed8.cubin.cu(66): error: extra text after expected end of number

/tmp/tmpnxa16spx/0a2964ba6e2ab9fdd2d0ed099269e5d55011aed8.cubin.cu(66): error: extra text after expected end of number

/tmp/tmpnxa16spx/0a2964ba6e2ab9fdd2d0ed099269e5d55011aed8.cubin.cu(66): error: extra text after expected end of number

/tmp/tmpnxa16spx/0a2964ba6e2ab9fdd2d0ed099269e5d55011aed8.cubin.cu(70): error: extra text after expected end of number

/tmp/tmpnxa16spx/0a2964ba6e2ab9fdd2d0ed099269e5d55011aed8.cubin.cu(70): error: extra text after expected end of number

/tmp/tmpnxa16spx/0a2964ba6e2ab9fdd2d0ed099269e5d55011aed8.cubin.cu(70): error: extra text after expected end of number

/tmp/tmpnxa16spx/0a2964ba6e2ab9fdd2d0ed099269e5d55011aed8.cubin.cu(70): error: extra text after expected end of number

/tmp/tmpnxa16spx/0a2964ba6e2ab9fdd2d0ed099269e5d55011aed8.cubin.cu(74): error: extra text after expected end of number

/tmp/tmpnxa16spx/0a2964ba6e2ab9fdd2d0ed099269e5d55011aed8.cubin.cu(74): error: extra text after expected end of number

/tmp/tmpnxa16spx/0a2964ba6e2ab9fdd2d0ed099269e5d55011aed8.cubin.cu(74): error: extra text after expected end of number

/tmp/tmpnxa16spx/0a2964ba6e2ab9fdd2d0ed099269e5d55011aed8.cubin.cu(74): error: extra text after expected end of number

/tmp/tmpnxa16spx/0a2964ba6e2ab9fdd2d0ed099269e5d55011aed8.cubin.cu(78): error: extra text after expected end of number

/tmp/tmpnxa16spx/0a2964ba6e2ab9fdd2d0ed099269e5d55011aed8.cubin.cu(78): error: extra text after expected end of number

/tmp/tmpnxa16spx/0a2964ba6e2ab9fdd2d0ed099269e5d55011aed8.cubin.cu(78): error: extra text after expected end of number

/tmp/tmpnxa16spx/0a2964ba6e2ab9fdd2d0ed099269e5d55011aed8.cubin.cu(78): error: extra text after expected end of number

/tmp/tmpnxa16spx/0a2964ba6e2ab9fdd2d0ed099269e5d55011aed8.cubin.cu(82): error: extra text after expected end of number

/tmp/tmpnxa16spx/0a2964ba6e2ab9fdd2d0ed099269e5d55011aed8.cubin.cu(82): error: extra text after expected end of number

/tmp/tmpnxa16spx/0a2964ba6e2ab9fdd2d0ed099269e5d55011aed8.cubin.cu(82): error: extra text after expected end of number

/tmp/tmpnxa16spx/0a2964ba6e2ab9fdd2d0ed099269e5d55011aed8.cubin.cu(82): error: extra text after expected end of number

/tmp/tmpnxa16spx/0a2964ba6e2ab9fdd2d0ed099269e5d55011aed8.cubin.cu(86): error: extra text after expected end of number

/tmp/tmpnxa16spx/0a2964ba6e2ab9fdd2d0ed099269e5d55011aed8.cubin.cu(86): error: extra text after expected end of number

/tmp/tmpnxa16spx/0a2964ba6e2ab9fdd2d0ed099269e5d55011aed8.cubin.cu(86): error: extra text after expected end of number

/tmp/tmpnxa16spx/0a2964ba6e2ab9fdd2d0ed099269e5d55011aed8.cubin.cu(86): error: extra text after expected end of number

/tmp/tmpnxa16spx/0a2964ba6e2ab9fdd2d0ed099269e5d55011aed8.cubin.cu(90): error: extra text after expected end of number

/tmp/tmpnxa16spx/0a2964ba6e2ab9fdd2d0ed099269e5d55011aed8.cubin.cu(90): error: extra text after expected end of number

/tmp/tmpnxa16spx/0a2964ba6e2ab9fdd2d0ed099269e5d55011aed8.cubin.cu(90): error: extra text after expected end of number

/tmp/tmpnxa16spx/0a2964ba6e2ab9fdd2d0ed099269e5d55011aed8.cubin.cu(90): error: extra text after expected end of number

/tmp/tmpnxa16spx/0a2964ba6e2ab9fdd2d0ed099269e5d55011aed8.cubin.cu(94): error: extra text after expected end of number

/tmp/tmpnxa16spx/0a2964ba6e2ab9fdd2d0ed099269e5d55011aed8.cubin.cu(94): error: extra text after expected end of number

/tmp/tmpnxa16spx/0a2964ba6e2ab9fdd2d0ed099269e5d55011aed8.cubin.cu(94): error: extra text after expected end of number

/tmp/tmpnxa16spx/0a2964ba6e2ab9fdd2d0ed099269e5d55011aed8.cubin.cu(94): error: extra text after expected end of number

/tmp/tmpnxa16spx/0a2964ba6e2ab9fdd2d0ed099269e5d55011aed8.cubin.cu(98): error: extra text after expected end of number

/tmp/tmpnxa16spx/0a2964ba6e2ab9fdd2d0ed099269e5d55011aed8.cubin.cu(98): error: extra text after expected end of number

/tmp/tmpnxa16spx/0a2964ba6e2ab9fdd2d0ed099269e5d55011aed8.cubin.cu(98): error: extra text after expected end of number

/tmp/tmpnxa16spx/0a2964ba6e2ab9fdd2d0ed099269e5d55011aed8.cubin.cu(98): error: extra text after expected end of number

/tmp/tmpnxa16spx/0a2964ba6e2ab9fdd2d0ed099269e5d55011aed8.cubin.cu(102): error: extra text after expected end of number

/tmp/tmpnxa16spx/0a2964ba6e2ab9fdd2d0ed099269e5d55011aed8.cubin.cu(102): error: extra text after expected end of number

/tmp/tmpnxa16spx/0a2964ba6e2ab9fdd2d0ed099269e5d55011aed8.cubin.cu(102): error: extra text after expected end of number

/tmp/tmpnxa16spx/0a2964ba6e2ab9fdd2d0ed099269e5d55011aed8.cubin.cu(102): error: extra text after expected end of number

/tmp/tmpnxa16spx/0a2964ba6e2ab9fdd2d0ed099269e5d55011aed8.cubin.cu(106): error: extra text after expected end of number

/tmp/tmpnxa16spx/0a2964ba6e2ab9fdd2d0ed099269e5d55011aed8.cubin.cu(106): error: extra text after expected end of number

/tmp/tmpnxa16spx/0a2964ba6e2ab9fdd2d0ed099269e5d55011aed8.cubin.cu(106): error: extra text after expected end of number

/tmp/tmpnxa16spx/0a2964ba6e2ab9fdd2d0ed099269e5d55011aed8.cubin.cu(106): error: extra text after expected end of number

/tmp/tmpnxa16spx/0a2964ba6e2ab9fdd2d0ed099269e5d55011aed8.cubin.cu(110): error: extra text after expected end of number

/tmp/tmpnxa16spx/0a2964ba6e2ab9fdd2d0ed099269e5d55011aed8.cubin.cu(110): error: extra text after expected end of number

/tmp/tmpnxa16spx/0a2964ba6e2ab9fdd2d0ed099269e5d55011aed8.cubin.cu(110): error: extra text after expected end of number

/tmp/tmpnxa16spx/0a2964ba6e2ab9fdd2d0ed099269e5d55011aed8.cubin.cu(110): error: extra text after expected end of number

66 errors detected in the compilation of "/tmp/tmpnxa16spx/0a2964ba6e2ab9fdd2d0ed099269e5d55011aed8.cubin.cu".

