direct FAIL ValueError nonfinite intermediate: step not committed t,h 0.0 0.0001 clock [0.     0.0001] flag [1]
x nonfinite [] min/max 0.0 0.5
fine nonfinite [] min/max 0.0 0.49945216217725386
coarse nonfinite [] min/max 0.0 0.4994521621772541
mid nonfinite [] min/max 0.0 0.49972599511407495
par nonfinite [] min/max 0.006 25.0
inputs nonfinite [] min/max 0.004950249116792975 0.41269696236656295
outputs nonfinite [] min/max 0.040000000000000015 0.4994521621661189
scale nonfinite [] min/max 1 1
mass nonfinite [] min/max 1.0 1.0
mutation FAIL ValueError nonfinite intermediate: step not committed t,h 0.02 0.0001 clock [0.02   0.0001] flag [1]
x nonfinite [] min/max 0.0 0.44619911305238724
fine nonfinite [] min/max 0.0 0.4466774077346933
coarse nonfinite [] min/max 0.0 0.4466774077345593
mid nonfinite [] min/max 0.0 0.44643877397254356
par nonfinite [] min/max 0.006 25.0
inputs nonfinite [] min/max 0.009339212022714342 0.42709032793919094
outputs nonfinite [] min/max 0.06091703595730748 0.4019057831340848
scale nonfinite [] min/max 1 1
mass nonfinite [] min/max 1.0 1.0
