{
  "core_unchanged": true,
  "reserve_status": "author-exposed extension after hash freeze, not blind",
  "models": [
    {
      "seed": 0,
      "algorithm": "A",
      "mode": "precise",
      "global_scaled_error": 4.5668631107434504e-08,
      "limit": 1e-05,
      "conservation_absolute": 6.661338147750939e-16,
      "eligible": true
    },
    {
      "seed": 0,
      "algorithm": "A",
      "mode": "fast",
      "global_scaled_error": 1.3906553107466675e-05,
      "limit": 0.01,
      "conservation_absolute": 5.551115123125783e-16,
      "eligible": true
    },
    {
      "seed": 0,
      "algorithm": "C",
      "mode": "precise",
      "global_scaled_error": 2.078423183562848e-06,
      "limit": 1e-05,
      "conservation_absolute": 1.5543122344752192e-15,
      "eligible": true
    },
    {
      "seed": 0,
      "algorithm": "C",
      "mode": "fast",
      "global_scaled_error": 0.0008290288257639814,
      "limit": 0.01,
      "conservation_absolute": 4.440892098500626e-16,
      "eligible": true
    },
    {
      "seed": 1,
      "algorithm": "A",
      "mode": "precise",
      "global_scaled_error": 4.5668663107813754e-08,
      "limit": 1e-05,
      "conservation_absolute": 6.661338147750939e-16,
      "eligible": true
    },
    {
      "seed": 1,
      "algorithm": "A",
      "mode": "fast",
      "global_scaled_error": 1.390655197914237e-05,
      "limit": 0.01,
      "conservation_absolute": 4.440892098500626e-16,
      "eligible": true
    },
    {
      "seed": 1,
      "algorithm": "C",
      "mode": "precise",
      "global_scaled_error": 2.078422603704597e-06,
      "limit": 1e-05,
      "conservation_absolute": 2.3314683517128287e-15,
      "eligible": true
    },
    {
      "seed": 1,
      "algorithm": "C",
      "mode": "fast",
      "global_scaled_error": 0.0008290286245981644,
      "limit": 0.01,
      "conservation_absolute": 4.440892098500626e-16,
      "eligible": true
    },
    {
      "seed": 2,
      "algorithm": "A",
      "mode": "precise",
      "global_scaled_error": 4.5668582044906884e-08,
      "limit": 1e-05,
      "conservation_absolute": 6.661338147750939e-16,
      "eligible": true
    },
    {
      "seed": 2,
      "algorithm": "A",
      "mode": "fast",
      "global_scaled_error": 1.3906552381186868e-05,
      "limit": 0.01,
      "conservation_absolute": 4.440892098500626e-16,
      "eligible": true
    },
    {
      "seed": 2,
      "algorithm": "C",
      "mode": "precise",
      "global_scaled_error": 2.0784212546426863e-06,
      "limit": 1e-05,
      "conservation_absolute": 1.9984014443252818e-15,
      "eligible": true
    },
    {
      "seed": 2,
      "algorithm": "C",
      "mode": "fast",
      "global_scaled_error": 0.0008290281510885236,
      "limit": 0.01,
      "conservation_absolute": 4.440892098500626e-16,
      "eligible": true
    },
    {
      "seed": 3,
      "algorithm": "A",
      "mode": "precise",
      "global_scaled_error": 4.5668631107434504e-08,
      "limit": 1e-05,
      "conservation_absolute": 6.661338147750939e-16,
      "eligible": true
    },
    {
      "seed": 3,
      "algorithm": "A",
      "mode": "fast",
      "global_scaled_error": 1.3906553107466675e-05,
      "limit": 0.01,
      "conservation_absolute": 5.551115123125783e-16,
      "eligible": true
    },
    {
      "seed": 3,
      "algorithm": "C",
      "mode": "precise",
      "global_scaled_error": 2.078423183562848e-06,
      "limit": 1e-05,
      "conservation_absolute": 1.5543122344752192e-15,
      "eligible": true
    },
    {
      "seed": 3,
      "algorithm": "C",
      "mode": "fast",
      "global_scaled_error": 0.0008290288257639814,
      "limit": 0.01,
      "conservation_absolute": 4.440892098500626e-16,
      "eligible": true
    }
  ],
  "labels_bit_exact": true,
  "population_order_error_below": 1e-09,
  "C_checkpoint_bit_exact": true,
  "total_wall_s": 3.0987433109548874
}
