{
  "large": {
    "scope": "one synthetic continuously coupled ODE system; not complete fly or biological validation",
    "states": 726900,
    "connections": 23296700,
    "reference_refinement": 2.935627302348759e-11,
    "accuracy_coverage": "4096 probes at 21 sample times plus all 726900 states at final time; no continuous global bound",
    "rows": [
      {
        "algorithm": "A",
        "mode": "fast",
        "error": 9.445531132349882e-05,
        "limit": 0.01,
        "eligible_for_this_workload": true,
        "advance_including_scans_s": 0.6579962499672547,
        "setup_s": 1.9919410899747163,
        "whole_worker_s": 2.8838551890221424,
        "steps": 84,
        "device_pool_GiB": 0.3342156410217285,
        "peak_RSS_GiB": 1.6261100769042969,
        "conservation_absolute": 6.661338147750939e-16
      },
      {
        "algorithm": "A",
        "mode": "precise",
        "error": 5.645627407928496e-08,
        "limit": 1e-05,
        "eligible_for_this_workload": true,
        "advance_including_scans_s": 3.2428884760010988,
        "setup_s": 1.7876866629812866,
        "whole_worker_s": 5.262587460980285,
        "steps": 423,
        "device_pool_GiB": 0.3342156410217285,
        "peak_RSS_GiB": 1.6260528564453125,
        "conservation_absolute": 1.9984014443252818e-15
      },
      {
        "algorithm": "C",
        "mode": "fast",
        "error": 0.0020697929858369884,
        "limit": 0.01,
        "eligible_for_this_workload": true,
        "advance_including_scans_s": 0.9245293620042503,
        "setup_s": 1.916570839995984,
        "whole_worker_s": 3.0752187269972637,
        "steps": 205,
        "device_pool_GiB": 0.3342156410217285,
        "peak_RSS_GiB": 1.6261138916015625,
        "conservation_absolute": 1.3322676295501878e-15
      },
      {
        "algorithm": "C",
        "mode": "precise",
        "error": 3.869684549150385e-06,
        "limit": 1e-05,
        "eligible_for_this_workload": true,
        "advance_including_scans_s": 22.106636638985947,
        "setup_s": 1.8401987070101313,
        "whole_worker_s": 24.17750062601408,
        "steps": 4948,
        "device_pool_GiB": 0.3342156410217285,
        "peak_RSS_GiB": 1.626190185546875,
        "conservation_absolute": 5.10702591327572e-15
      }
    ]
  },
  "classification": "PROMETEDOR_NO_CONFIRMADO",
  "corruptions": [
    "criterion",
    "flag",
    "state",
    "time"
  ]
}
