{
  "case": "hh",
  "implementation": "python",
  "model_identity": "260580a317bc5bfd4d8ffa9ff0ef945df24e05431642fdc3b422800fac1bd3bb",
  "profile": "precise",
  "end": 0.05,
  "states": 12,
  "connections": 0,
  "mass_nnz": 12,
  "times": [
    0.0,
    0.0025,
    0.005,
    0.0075,
    0.01,
    0.0125,
    0.015,
    0.0175,
    0.02,
    0.0225,
    0.025,
    0.0275,
    0.03,
    0.0325,
    0.035,
    0.0375,
    0.04,
    0.0425,
    0.045,
    0.0475,
    0.05
  ],
  "setup_s": 0.27006186603102833,
  "advance_scan_s": 98.89092325197998,
  "max_scaled_error": 2.0743145376210703e-06,
  "eligible": true,
  "failure": null,
  "stats": {
    "steps": 1532,
    "rhs_evaluations": 25055,
    "nonlinear_iterations": 18637,
    "linear_iterations": 33501,
    "error_test_failures": 72,
    "callbacks": [
      25055,
      33501,
      63222,
      46789,
      6266
    ],
    "implementation": "python"
  },
  "reference_sha256": "059f5bffc728cb011bf00bb856daad81028b1d81f92555117b844fe278c6f92b",
  "measured_window_s": 99.45930241199676,
  "host_peak_GiB": 0.252685546875
}
