{
  "case": "mixed",
  "implementation": "native",
  "model_identity": "8306307204c748e7fa5536d1092735ea5618654e7d6cc3141102c9ba2753f913",
  "profile": "precise",
  "end": 0.2,
  "states": 252,
  "connections": 192,
  "mass_nnz": 252,
  "times": [
    0.0,
    0.01,
    0.02,
    0.03,
    0.04,
    0.05,
    0.06,
    0.07,
    0.08,
    0.09,
    0.1,
    0.11,
    0.12,
    0.13,
    0.14,
    0.15,
    0.16,
    0.17,
    0.18,
    0.19,
    0.2
  ],
  "setup_s": 0.3839208009885624,
  "advance_scan_s": 6.34621366194915,
  "max_scaled_error": 2.299837102785763e-08,
  "eligible": true,
  "failure": null,
  "stats": {
    "steps": 170,
    "rhs_evaluations": 2084,
    "nonlinear_iterations": 1391,
    "linear_iterations": 4578,
    "error_test_failures": 3,
    "callbacks": [
      0,
      0,
      0,
      0,
      0
    ],
    "implementation": "native",
    "native_callbacks": [
      2085,
      4578,
      7165,
      5918,
      677
    ],
    "diagonal_fallback_callbacks": 0,
    "Python_callbacks_during_integration": 0
  },
  "reference_sha256": "e708e99215e40aae702aa76cb22a679206ada74364291b0125732713c197fa82",
  "measured_window_s": 7.0544902860419825,
  "host_peak_GiB": 0.2572021484375
}
