{"time": 0.05, "wall_s": 1.8863525319611654}
{"time": 0.1, "wall_s": 2.3302995959529653}
{"time": 0.15000000000000002, "wall_s": 2.5838410439901054}
{"time": 0.2, "wall_s": 2.839072329981718}
{"time": 0.25, "wall_s": 3.0966460699564777}
{"time": 0.30000000000000004, "wall_s": 3.331902033998631}
{"time": 0.35000000000000003, "wall_s": 3.5875794269959442}
{"time": 0.4, "wall_s": 3.8408388319658116}
{"time": 0.45, "wall_s": 4.088904520962387}
{"time": 0.5, "wall_s": 4.328868385986425}
{"time": 0.55, "wall_s": 4.554420847969595}
{"time": 0.6000000000000001, "wall_s": 4.8025964589905925}
{"time": 0.65, "wall_s": 5.031634815968573}
{"time": 0.7000000000000001, "wall_s": 5.2678324789740145}
{"time": 0.75, "wall_s": 5.522389875957742}
{"time": 0.8, "wall_s": 5.746653598966077}
{"time": 0.8500000000000001, "wall_s": 5.98521268699551}
{"time": 0.9, "wall_s": 6.20783119299449}
{"time": 0.9500000000000001, "wall_s": 6.446823834965471}
{"time": 1.0, "wall_s": 6.681594491994474}
{
  "implementation": "python",
  "profile": "fast",
  "reference_tolerances": null,
  "states": 726900,
  "connections": 23296700,
  "model_identity": "6fce4a8743684975450df251cac3fb17777d875518f926b1b0c053b9114fbaeb",
  "descriptor_hash": "6e78068716c5a46195ddb6f0a2eb79383fa952b86394f5686edddad78c969bb4",
  "simulated_s": 1.0,
  "target_s": 1,
  "completed": true,
  "failure": null,
  "setup_s": 2.8638800120097585,
  "advance_scan_s": 6.682135275972541,
  "measured_window_s": 9.823043404030614,
  "error": 0.0002268806440211497,
  "reference_sha256": "52708353885fd7e9dfd380a5c86fad2d4b74b93db62791b72c504806a95022ab",
  "eligible": true,
  "stats": {
    "steps": 29,
    "rhs_evaluations": 373,
    "nonlinear_iterations": 248,
    "linear_iterations": 1206,
    "error_test_failures": 2,
    "callbacks": [
      373,
      1206,
      1666,
      1437,
      119
    ],
    "implementation": "python"
  },
  "host_peak_GiB": 1.9923782348632812,
  "accuracy_scope": "4096 probes at each sample and every final state, not a continuous global bound",
  "reference_scope": "1s DOP853 CPU historical refined reference; 10s generated explicit GPU RK4 with two tighter tolerances (independent integration, shared descriptor/IR)"
}
