{"time": 0.05, "wall_s": 17.74503624200588}
{"time": 0.1, "wall_s": 22.614054604026023}
{"time": 0.15000000000000002, "wall_s": 26.227128445985727}
{"time": 0.2, "wall_s": 29.916672659979668}
{"time": 0.25, "wall_s": 32.82001386699267}
{"time": 0.30000000000000004, "wall_s": 36.4662958609988}
{"time": 0.35000000000000003, "wall_s": 39.30971156503074}
{"time": 0.4, "wall_s": 42.52400449500419}
{"time": 0.45, "wall_s": 46.45641174598131}
{"time": 0.5, "wall_s": 49.473225331981666}
{"time": 0.55, "wall_s": 53.25173071102472}
{"time": 0.6000000000000001, "wall_s": 56.164253939001355}
{"time": 0.65, "wall_s": 59.37305164098507}
{"time": 0.7000000000000001, "wall_s": 63.24357169098221}
{"time": 0.75, "wall_s": 66.46046925702831}
{"time": 0.8, "wall_s": 70.258735068026}
{"time": 0.8500000000000001, "wall_s": 73.24989334400743}
{"time": 0.9, "wall_s": 76.48796636599582}
{"time": 0.9500000000000001, "wall_s": 80.27426125801867}
{"time": 1.0, "wall_s": 83.60727970901644}
{
  "implementation": "python",
  "profile": "precise",
  "reference_tolerances": null,
  "states": 726900,
  "connections": 23296700,
  "model_identity": "6fce4a8743684975450df251cac3fb17777d875518f926b1b0c053b9114fbaeb",
  "descriptor_hash": "6e78068716c5a46195ddb6f0a2eb79383fa952b86394f5686edddad78c969bb4",
  "simulated_s": 1.0,
  "target_s": 1,
  "completed": true,
  "failure": null,
  "setup_s": 3.053315675992053,
  "advance_scan_s": 83.60782554501202,
  "measured_window_s": 86.93182057596277,
  "error": 2.109510992538074e-08,
  "reference_sha256": "52708353885fd7e9dfd380a5c86fad2d4b74b93db62791b72c504806a95022ab",
  "eligible": true,
  "stats": {
    "steps": 459,
    "rhs_evaluations": 5554,
    "nonlinear_iterations": 3705,
    "linear_iterations": 14514,
    "error_test_failures": 3,
    "callbacks": [
      5554,
      14514,
      21442,
      18155,
      1837
    ],
    "implementation": "python"
  },
  "host_peak_GiB": 1.9983139038085938,
  "accuracy_scope": "4096 probes at each sample and every final state, not a continuous global bound",
  "reference_scope": "1s DOP853 CPU historical refined reference; 10s generated explicit GPU RK4 with two tighter tolerances (independent integration, shared descriptor/IR)"
}
