{
  "case": "stiff",
  "implementation": "native",
  "model_identity": "de50d625a69e4ac0873bbbfd513a217e302ac91b0427397f751b715e7ea98247",
  "profile": "precise",
  "end": 1.0,
  "states": 32,
  "connections": 94,
  "mass_nnz": 94,
  "times": [
    0.0,
    0.05,
    0.1,
    0.15000000000000002,
    0.2,
    0.25,
    0.30000000000000004,
    0.35000000000000003,
    0.4,
    0.45,
    0.5,
    0.55,
    0.6000000000000001,
    0.65,
    0.7000000000000001,
    0.75,
    0.8,
    0.8500000000000001,
    0.9,
    0.9500000000000001,
    1.0
  ],
  "setup_s": 0.30440391501178965,
  "advance_scan_s": 9.574032642005477,
  "max_scaled_error": 1.3342592078578174e-08,
  "eligible": true,
  "failure": null,
  "stats": {
    "steps": 110,
    "rhs_evaluations": 1626,
    "nonlinear_iterations": 1105,
    "linear_iterations": 5963,
    "error_test_failures": 20,
    "callbacks": [
      0,
      0,
      0,
      0,
      0
    ],
    "implementation": "native",
    "native_callbacks": [
      1627,
      5963,
      8928,
      7050,
      1470
    ],
    "diagonal_fallback_callbacks": 0,
    "Python_callbacks_during_integration": 0
  },
  "reference_sha256": null,
  "measured_window_s": 10.205636579950806,
  "host_peak_GiB": 0.24987030029296875
}
