{"time": 0.25, "wall_s": 8.444285533973016}
{"time": 0.5, "wall_s": 15.351145617954899}
{"time": 0.75, "wall_s": 22.263986807956826}
{"time": 1.0, "wall_s": 29.196295397006907}
{"time": 1.25, "wall_s": 36.08588989696}
{"time": 1.5, "wall_s": 42.984196262957994}
{"time": 1.75, "wall_s": 49.8871897799545}
{"time": 2.0, "wall_s": 56.82590693596285}
{"time": 2.25, "wall_s": 63.7374673190061}
{"time": 2.5, "wall_s": 70.62218434899114}
{"time": 2.75, "wall_s": 77.50985370395938}
{"time": 3.0, "wall_s": 84.45013390301028}
{"time": 3.25, "wall_s": 91.42898046196206}
{"time": 3.5, "wall_s": 98.29954241297673}
{"time": 3.75, "wall_s": 105.16724179300945}
{"time": 4.0, "wall_s": 112.08776295097778}
{"time": 4.25, "wall_s": 119.06802999298088}
{"time": 4.5, "wall_s": 126.02249559597112}
{"time": 4.75, "wall_s": 132.81951946398476}
{"time": 5.0, "wall_s": 139.69212416000664}
{"time": 5.25, "wall_s": 146.65426981297787}
{"time": 5.5, "wall_s": 153.64924630196765}
{"time": 5.75, "wall_s": 160.46769651700743}
{"time": 6.0, "wall_s": 167.2455580100068}
{"time": 6.25, "wall_s": 174.18058634898625}
{"time": 6.5, "wall_s": 181.17467133898754}
{"time": 6.75, "wall_s": 188.18866401497507}
{"time": 7.0, "wall_s": 194.88566616899334}
{"time": 7.25, "wall_s": 201.69539696298307}
{"time": 7.5, "wall_s": 208.60271722398465}
{"time": 7.75, "wall_s": 215.5933609450003}
{"time": 8.0, "wall_s": 222.531050562975}
{"time": 8.25, "wall_s": 229.22957272798521}
{
  "implementation": "reference_fine",
  "profile": "precise",
  "reference_tolerances": [
    1e-12,
    1e-14
  ],
  "states": 726900,
  "connections": 23296700,
  "model_identity": "6fce4a8743684975450df251cac3fb17777d875518f926b1b0c053b9114fbaeb",
  "descriptor_hash": "6e78068716c5a46195ddb6f0a2eb79383fa952b86394f5686edddad78c969bb4",
  "simulated_s": 8.358845062763779,
  "target_s": 10.0,
  "completed": false,
  "failure": "ValueError('finite advance budget exceeded')",
  "setup_s": 2.899808554968331,
  "advance_scan_s": 232.10140999295982,
  "measured_window_s": 235.08302985399496,
  "error": null,
  "reference_sha256": null,
  "eligible": false,
  "stats": {
    "accepted": 32095,
    "rejected": 1
  },
  "host_peak_GiB": 1.9924964904785156,
  "accuracy_scope": "4096 probes at each sample and every final state, not a continuous global bound",
  "reference_scope": "1s DOP853 CPU historical refined reference; 10s generated explicit GPU RK4 with two tighter tolerances (independent integration, shared descriptor/IR)"
}
