{
  "classification": "PROMETEDOR_NO_CONFIRMADO",
  "scope": "author-exposed synthetic engineering; stage3 open, no complete biological brain/body",
  "small": [
    {
      "run": "clamp_fast",
      "case": "clamp",
      "profile": "fast",
      "error": 2.220446049250313e-16,
      "eligible": true,
      "advance_scan_s": 0.20892975601600483,
      "setup_s": 0.6411230849917047
    },
    {
      "run": "clamp_precise",
      "case": "clamp",
      "profile": "precise",
      "error": 2.1769078914218757e-16,
      "eligible": true,
      "advance_scan_s": 0.23490003601182252,
      "setup_s": 0.27412754500983283
    },
    {
      "run": "stiff_fast",
      "case": "stiff",
      "profile": "fast",
      "error": 2.5403610585488518e-06,
      "eligible": true,
      "advance_scan_s": 0.7223020719829947,
      "setup_s": 0.649292181013152
    },
    {
      "run": "stiff_precise",
      "case": "stiff",
      "profile": "precise",
      "error": 1.3342592078578174e-08,
      "eligible": true,
      "advance_scan_s": 9.574032642005477,
      "setup_s": 0.30440391501178965
    },
    {
      "run": "hh_fast",
      "case": "hh",
      "profile": "fast",
      "error": 0.0026886617798427053,
      "eligible": true,
      "advance_scan_s": 5.258629821008071,
      "setup_s": 0.3292413020390086
    },
    {
      "run": "hh_precise",
      "case": "hh",
      "profile": "precise",
      "error": 2.0743144849074165e-06,
      "eligible": true,
      "advance_scan_s": 75.85394725302467,
      "setup_s": 0.32067895302316174
    },
    {
      "run": "mixed_fast",
      "case": "mixed",
      "profile": "fast",
      "error": 9.344651623300187e-05,
      "eligible": true,
      "advance_scan_s": 0.9799481950467452,
      "setup_s": 0.8752962450380437
    },
    {
      "run": "mixed_precise",
      "case": "mixed",
      "profile": "precise",
      "error": 2.299837102785763e-08,
      "eligible": true,
      "advance_scan_s": 6.34621366194915,
      "setup_s": 0.3839208009885624
    },
    {
      "run": "hh_python_fast",
      "case": "hh",
      "profile": "fast",
      "error": 0.0026886617797283767,
      "eligible": true,
      "advance_scan_s": 10.097462524019647,
      "setup_s": 0.2681604719837196
    },
    {
      "run": "hh_python_precise",
      "case": "hh",
      "profile": "precise",
      "error": 2.0743145376210703e-06,
      "eligible": true,
      "advance_scan_s": 98.89092325197998,
      "setup_s": 0.27006186603102833
    }
  ],
  "large": [
    {
      "run": "one_blocks_precise",
      "profile": "precise",
      "completed_grid": true,
      "last_saved_sample_s": 1.0,
      "error": 2.547526895446654e-08,
      "error_scope": "probes plus all final states",
      "eligible": true,
      "advance_scan_s": 31.09289503702894,
      "setup_s": 3.655097634997219,
      "failure": null,
      "conservation_error": 1.3322676295501878e-15,
      "provenance": "raw arrays plus original execution record"
    },
    {
      "run": "one_native_fast",
      "profile": "fast",
      "completed_grid": true,
      "last_saved_sample_s": 1.0,
      "error": 0.0002268806440213694,
      "error_scope": "probes plus all final states",
      "eligible": true,
      "advance_scan_s": 5.320753115986008,
      "setup_s": 3.820227673975751,
      "failure": null,
      "conservation_error": 4.440892098500626e-16,
      "provenance": "raw arrays plus original execution record"
    },
    {
      "run": "one_native_precise",
      "profile": "precise",
      "completed_grid": true,
      "last_saved_sample_s": 1.0,
      "error": 2.1095109956476357e-08,
      "error_scope": "probes plus all final states",
      "eligible": true,
      "advance_scan_s": 60.16005387203768,
      "setup_s": 3.1086724319611676,
      "failure": null,
      "conservation_error": 1.1102230246251565e-15,
      "provenance": "raw arrays plus original execution record"
    },
    {
      "run": "one_python_fast",
      "profile": "fast",
      "completed_grid": true,
      "last_saved_sample_s": 1.0,
      "error": 0.0002268806440211497,
      "error_scope": "probes plus all final states",
      "eligible": true,
      "advance_scan_s": 6.682135275972541,
      "setup_s": 2.8638800120097585,
      "failure": null,
      "conservation_error": 4.440892098500626e-16,
      "provenance": "raw arrays plus original execution record"
    },
    {
      "run": "one_python_precise",
      "profile": "precise",
      "completed_grid": true,
      "last_saved_sample_s": 1.0,
      "error": 2.109510992538074e-08,
      "error_scope": "probes plus all final states",
      "eligible": true,
      "advance_scan_s": 83.60782554501202,
      "setup_s": 3.053315675992053,
      "failure": null,
      "conservation_error": 1.1102230246251565e-15,
      "provenance": "raw arrays plus original execution record"
    },
    {
      "run": "ten_native_fast",
      "profile": "fast",
      "completed_grid": true,
      "last_saved_sample_s": 10.0,
      "error": 0.001949035017028945,
      "error_scope": "probes plus all final states",
      "eligible": true,
      "advance_scan_s": null,
      "setup_s": null,
      "failure": null,
      "conservation_error": 6.661338147750939e-16,
      "provenance": "raw trajectory recovered after original reference-grid failure; original exit1 preserved, missing solver statistics not reconstructed"
    },
    {
      "run": "ten_native_precise",
      "profile": "precise",
      "completed_grid": false,
      "last_saved_sample_s": 4.5,
      "error": 1.5922512102215813e-08,
      "error_scope": "saved probes only; partial final time differs from grid",
      "eligible": false,
      "advance_scan_s": 231.95284876599908,
      "setup_s": 3.048685993999243,
      "failure": "ValueError('implicit failure: native pilot wall budget exhausted')",
      "conservation_error": 2.220446049250313e-15,
      "provenance": "raw arrays plus original execution record"
    }
  ],
  "references": {
    "one_second_refinement": 2.935627302348759e-11,
    "ten_second_RK4_vs_RK8": 8.3505519287057e-11,
    "partial_tight_RK4_vs_RK8": 1.9788326036635307e-12,
    "first_second_CPU_overlap_probes": 2.3553254115878606e-13,
    "ERK8": {
      "role": "independent existing ERK8 reference",
      "rtol": 1e-12,
      "atol_scale": 1e-14,
      "model_identity": "6fce4a8743684975450df251cac3fb17777d875518f926b1b0c053b9114fbaeb",
      "descriptor_hash": "6e78068716c5a46195ddb6f0a2eb79383fa952b86394f5686edddad78c969bb4",
      "states": 726900,
      "connections": 23296700,
      "simulated_s": 10.0,
      "target_s": 10,
      "completed": true,
      "failure": null,
      "setup_s": 1.8224333120160736,
      "advance_scan_s": 74.8955395379453,
      "measured_window_s": 76.79538422898622,
      "steps_rhs_failures": [
        6379,
        92779,
        821
      ],
      "scope": "shared descriptor/native RHS, different established integrator; check against independent RK4 reference, not biological validation"
    }
  },
  "corruptions_detected": [
    "flag",
    "time",
    "state",
    "identity",
    "reference"
  ],
  "science_runs": 20,
  "measured_process_windows_s": 1128.6590696169296,
  "time_scope": "outer process time except ERK8 uses its recorded measured window; compilation and short checks separate"
}
