{"role": "A_fast", "simulated_s": 0.05, "wall_s": 0.08332561899442226}
{"role": "A_fast", "simulated_s": 0.1, "wall_s": 0.11368081299588084}
{"role": "A_fast", "simulated_s": 0.15000000000000002, "wall_s": 0.13687287498032674}
{"role": "A_fast", "simulated_s": 0.2, "wall_s": 0.1746305669657886}
{"role": "A_fast", "simulated_s": 0.25, "wall_s": 0.20484460197621956}
{"role": "A_fast", "simulated_s": 0.30000000000000004, "wall_s": 0.234933739004191}
{"role": "A_fast", "simulated_s": 0.35000000000000003, "wall_s": 0.2649498999817297}
{"role": "A_fast", "simulated_s": 0.4, "wall_s": 0.29436434496892616}
{"role": "A_fast", "simulated_s": 0.45, "wall_s": 0.3238428239710629}
{"role": "A_fast", "simulated_s": 0.5, "wall_s": 0.3537538480013609}
{"role": "A_fast", "simulated_s": 0.55, "wall_s": 0.38366443396080285}
{"role": "A_fast", "simulated_s": 0.6000000000000001, "wall_s": 0.4134979009977542}
{"role": "A_fast", "simulated_s": 0.65, "wall_s": 0.44358236697735265}
{"role": "A_fast", "simulated_s": 0.7000000000000001, "wall_s": 0.4732312769629061}
{"role": "A_fast", "simulated_s": 0.75, "wall_s": 0.5041372549603693}
{"role": "A_fast", "simulated_s": 0.8, "wall_s": 0.5290443449630402}
{"role": "A_fast", "simulated_s": 0.8500000000000001, "wall_s": 0.5587127339676954}
{"role": "A_fast", "simulated_s": 0.9, "wall_s": 0.5888833869830705}
{"role": "A_fast", "simulated_s": 0.9500000000000001, "wall_s": 0.6263687509926967}
{"role": "A_fast", "simulated_s": 1.0, "wall_s": 0.6562150719691999}
{
  "scope": "Synthetic mixed ODE: recurrent network + seven-state transducer + conserved twelve-species chemistry. No species-specific fit, no complete brain, no spiking/delay/body.",
  "role": "A_fast",
  "counts": [
    90000,
    74700,
    2000
  ],
  "simulated_target_s": 1.0,
  "trajectory_probes": 4096,
  "sample_count": 21,
  "cpu_threads": 1,
  "python": "3.10.18 (main, Jun  5 2025, 13:14:17) [GCC 11.2.0]",
  "numpy": "1.26.4",
  "steps": 84,
  "rejected": 3,
  "advance_including_scans_s": 0.6579962499672547,
  "simulated_actual_s": 1.0,
  "device_pool_GiB": 0.3342156410217285,
  "explicit_copy_payloads": {
    "control_H2D_bytes": 1392,
    "control_D2H_bytes": 1392,
    "scan_D2H_bytes": 6503328
  },
  "hardware": "NVIDIA GeForce RTX 4070 Ti SUPER",
  "status": "COMPLETE",
  "model_sha256": "6e78068716c5a46195ddb6f0a2eb79383fa952b86394f5686edddad78c969bb4",
  "states": 726900,
  "connections": 23296700,
  "setup_s": 1.9919410899747163,
  "chemical_conservation_absolute": 6.661338147750939e-16,
  "total_worker_s": 2.8838551890221424,
  "peak_RSS_GiB": 1.6261100769042969
}
