{"role": "A_precise", "simulated_s": 0.05, "wall_s": 0.32180602301377803}
{"role": "A_precise", "simulated_s": 0.1, "wall_s": 0.477177437976934}
{"role": "A_precise", "simulated_s": 0.15000000000000002, "wall_s": 0.6100242029642686}
{"role": "A_precise", "simulated_s": 0.2, "wall_s": 0.7721998249762692}
{"role": "A_precise", "simulated_s": 0.25, "wall_s": 0.9284737469861284}
{"role": "A_precise", "simulated_s": 0.30000000000000004, "wall_s": 1.0770478550111875}
{"role": "A_precise", "simulated_s": 0.35000000000000003, "wall_s": 1.2378161039669067}
{"role": "A_precise", "simulated_s": 0.4, "wall_s": 1.3778900619945489}
{"role": "A_precise", "simulated_s": 0.45, "wall_s": 1.54075623099925}
{"role": "A_precise", "simulated_s": 0.5, "wall_s": 1.695673395995982}
{"role": "A_precise", "simulated_s": 0.55, "wall_s": 1.845013090991415}
{"role": "A_precise", "simulated_s": 0.6000000000000001, "wall_s": 2.000497981964145}
{"role": "A_precise", "simulated_s": 0.65, "wall_s": 2.136855997960083}
{"role": "A_precise", "simulated_s": 0.7000000000000001, "wall_s": 2.299696125963237}
{"role": "A_precise", "simulated_s": 0.75, "wall_s": 2.461932395992335}
{"role": "A_precise", "simulated_s": 0.8, "wall_s": 2.6094478449667804}
{"role": "A_precise", "simulated_s": 0.8500000000000001, "wall_s": 2.7653347729938105}
{"role": "A_precise", "simulated_s": 0.9, "wall_s": 2.9075342809665017}
{"role": "A_precise", "simulated_s": 0.9500000000000001, "wall_s": 3.07142632099567}
{"role": "A_precise", "simulated_s": 1.0, "wall_s": 3.2411840140121058}
{
  "scope": "Synthetic mixed ODE: recurrent network + seven-state transducer + conserved twelve-species chemistry. No species-specific fit, no complete brain, no spiking/delay/body.",
  "role": "A_precise",
  "counts": [
    90000,
    74700,
    2000
  ],
  "simulated_target_s": 1.0,
  "trajectory_probes": 4096,
  "sample_count": 21,
  "cpu_threads": 1,
  "python": "3.10.18 (main, Jun  5 2025, 13:14:17) [GCC 11.2.0]",
  "numpy": "1.26.4",
  "steps": 423,
  "rejected": 12,
  "advance_including_scans_s": 3.2428884760010988,
  "simulated_actual_s": 1.0,
  "device_pool_GiB": 0.3342156410217285,
  "explicit_copy_payloads": {
    "control_H2D_bytes": 6960,
    "control_D2H_bytes": 6960,
    "scan_D2H_bytes": 6503328
  },
  "hardware": "NVIDIA GeForce RTX 4070 Ti SUPER",
  "status": "COMPLETE",
  "model_sha256": "6e78068716c5a46195ddb6f0a2eb79383fa952b86394f5686edddad78c969bb4",
  "states": 726900,
  "connections": 23296700,
  "setup_s": 1.7876866629812866,
  "chemical_conservation_absolute": 1.9984014443252818e-15,
  "total_worker_s": 5.262587460980285,
  "peak_RSS_GiB": 1.6260528564453125
}
