{"status": "RESTORED_EXACT", "wall_s": 40.64315804099897}
Traceback (most recent call last):
  File "/home/daroch/AXIOMA_ASTRA/campanas/etapa3_motor_nuevo_20260922/organism_adapter.py", line 36, in build
    self.core=NativeGraph(b.state,coefficient,rtol=b.parameters['rtol'],atol=b.parameters['atol'],norm_size=b._norm_size(),project=lambda z,c,f:self.ports.project(z,c,f),freeze=freeze,native_library=library)
  File "/home/daroch/AXIOMA_ASTRA/campanas/etapa45_operands_20260927_49/operand_observer.py", line 103, in __init__
    super().__init__(initial,rhs,rtol=rtol,atol=atol,norm_size=norm_size,project=project,freeze=freeze,native_library=native_library,state_bounds=state_bounds)
TypeError: GraphRK23.__init__() got an unexpected keyword argument 'native_library'

During handling of the above exception, another exception occurred:

Traceback (most recent call last):
  File "/home/daroch/AXIOMA_ASTRA/campanas/etapa45_operands_20260927_49/capture_worker.py", line 38, in main
    rows.append(run.step());report['committed_ms']+=1
  File "/home/daroch/AXIOMA_ASTRA/campanas/etapa45_operands_20260927_49/aporte_motor/resume49.py", line 86, in step
    self.obj.step()
  File "/home/daroch/AXIOMA_FLYWIRE/matrix/work/stage4_antennal_contact_adapter_20260915/antennal_runtime.py", line 135, in step
    row=super().step();self._validate_adapter()
  File "/home/daroch/AXIOMA_FLYWIRE/matrix/work/stage2_contact_cns_20260915/contact_runtime.py", line 69, in step
    row=self.core.step()
  File "/home/daroch/AXIOMA_FLYWIRE/matrix/src/rh_tarsal_session.py", line 100, in step
    row=super().step();self.body.rh_pending=self.rh_command();self._validate_rh_pending()
  File "/home/daroch/AXIOMA_FLYWIRE/matrix/src/guarded_tibia_session.py", line 64, in step
    row=super().step()
  File "/home/daroch/AXIOMA_FLYWIRE/matrix/src/serial_ctr_session.py", line 83, in step
    row=super().step();self.body.pending_serial=self.serial_command();self._validate_serial_pending()
  File "/home/daroch/AXIOMA_FLYWIRE/matrix/src/cxhp8_position_session.py", line 44, in step
    row=super().step();self.hybrid.set_cxhp8_sample(self.cxhp8_field.sample(self.body));self._validate_cxhp8_pending()
  File "/home/daroch/AXIOMA_FLYWIRE/matrix/src/rf_tarsal_session.py", line 63, in step
    row=super().step();self.body.pending_tarsal=self.tarsal_command();self._validate_tarsal_pending()
  File "/home/daroch/AXIOMA_FLYWIRE/matrix/src/bilateral_front_session.py", line 63, in step
    self._validate_rf_pending();used=self.body.pending_rf.copy();row=super().step();self.body.pending_rf=self.right_front_command();self._validate_rf_pending()
  File "/home/daroch/AXIOMA_FLYWIRE/matrix/src/trochanter_session.py", line 61, in step
    self._validate_tr_pending();used=self.body.pending_tr.copy();row=super().step();self.body.pending_tr=self.trochanter_command();self._validate_tr_pending()
  File "/home/daroch/AXIOMA_FLYWIRE/matrix/src/coxal_session.py", line 91, in step
    row=super().step()
  File "/home/daroch/AXIOMA_FLYWIRE/matrix/src/flybody_cns_session.py", line 102, in step
    row=super().step()
  File "/home/daroch/AXIOMA_FLYWIRE/matrix/src/olfactory_endogenous_session.py", line 56, in step
    row=super().step()
  File "/home/daroch/AXIOMA_FLYWIRE/matrix/src/lamina_boundary_session.py", line 118, in step
    row=super().step()
  File "/home/daroch/AXIOMA_FLYWIRE/matrix/src/prosthetic_olfactory_session.py", line 100, in step
    row = super().step()
  File "/home/daroch/AXIOMA_FLYWIRE/matrix/src/kcgamma_sensory_probe.py", line 158, in step
    self.hybrid.advance(self.CONTROL_NS, drive, light)
  File "/home/daroch/AXIOMA_FLYWIRE/matrix/src/coefficient_buffer_brain.py", line 54, in advance
    return super().advance(dt_ns, drive, light)
  File "/home/daroch/AXIOMA_FLYWIRE/matrix/work/motor13_20260922/block_midpoint.py", line 108, in advance
    cns(self,half,drive,light,False);middle=copy.deepcopy(self._online_ports.observe())
  File "/home/daroch/AXIOMA_FLYWIRE/matrix/work/motor13_20260922/block_midpoint.py", line 87, in cns
    try:GpuProjectionParallelBrain.advance(self,ns,drive,light)
  File "/home/daroch/AXIOMA_FLYWIRE/matrix/src/kc_axonal_brain.py", line 69, in advance
    super().advance(ns,drive,light)
  File "/home/daroch/AXIOMA_ASTRA/campanas/etapa3_pn629_intervention_20260923_15/event_coupling.py", line 73, in begin
    result=old_spatial(self,dt_ns,drive,light)
  File "/home/daroch/AXIOMA_FLYWIRE/matrix/src/kc_spatial_brain.py", line 92, in advance
    try:GpuKcGammaOutputBrain.advance(self,ns,drive,light)
  File "/home/daroch/AXIOMA_FLYWIRE/matrix/work/motor13_20260922/block_midpoint.py", line 68, in gpu
    if self is not brain or not active.get('accepted'):return old_gpu(self,ns,drive,light)
  File "/home/daroch/AXIOMA_ASTRA/campanas/etapa3_pn629_intervention_20260923_15/event_coupling.py", line 101, in gpu
    return engine.step(self,ns,drive,light)
  File "/home/daroch/AXIOMA_ASTRA/motor_nuevo/full_pipeline_review_20260925_12/engine/real_model.py", line 85, in step
    result=old_step(self,b,ns,drive,light)
  File "/home/daroch/AXIOMA_ASTRA/campanas/etapa3_motor_nuevo_20260922/organism_adapter.py", line 47, in step
    if self.core is None:self.build(drive,light)
  File "/home/daroch/AXIOMA_ASTRA/motor_nuevo/full_pipeline_review_20260925_12/engine/real_model.py", line 60, in build
    return old_build(self,drive,light)
  File "/home/daroch/AXIOMA_ASTRA/campanas/etapa3_motor_nuevo_20260922/organism_adapter.py", line 39, in build
    if old_buffers is None:del b._coefficient_buffers
AttributeError: _coefficient_buffers

{"status": "FAILED", "attempted_ms": 1, "committed_ms": 0, "wall_s": 43.34529325499898, "CPU_s": 46.738389399999996, "peak_RSS_bytes": 7665254400}
