{
  "scope": "Real PN Newton linear systems, not complete PN or body",
  "setup_s": 0.7313626470277086,
  "levels": 451,
  "maximum_parallel_steps": 14163,
  "host_transfers_in_end_to_end": true,
  "rows": [
    {
      "case": 0,
      "median_wall_s": {
        "CPU_original": 0.0038144849822856486,
        "GPU_parallel": 0.004768007958773524
      },
      "speedup": 0.8000164880737426,
      "max_voltage_error": 2.0117032497289633e-21,
      "full_linear_residual_l2": 2.3961830912430883e-15,
      "original_limit": 1.25e-06
    },
    {
      "case": 1,
      "median_wall_s": {
        "CPU_original": 0.004469649982638657,
        "GPU_parallel": 0.0045963459997437894
      },
      "speedup": 0.9724354917771215,
      "max_voltage_error": 2.274746684520826e-24,
      "full_linear_residual_l2": 2.319712834201501e-17,
      "original_limit": 1.25e-06
    }
  ],
  "GPU_resident_graph_s": 0.005459126281738282,
  "device_pool_bytes": 34315264
}
