{"role": "C_fast", "simulated_s": 0.05, "wall_s": 0.15172398899449036}
{"role": "C_fast", "simulated_s": 0.1, "wall_s": 0.20756658696336672}
{"role": "C_fast", "simulated_s": 0.15000000000000002, "wall_s": 0.24616010597674176}
{"role": "C_fast", "simulated_s": 0.2, "wall_s": 0.2844947350095026}
{"role": "C_fast", "simulated_s": 0.25, "wall_s": 0.3229665709659457}
{"role": "C_fast", "simulated_s": 0.30000000000000004, "wall_s": 0.36629733198788017}
{"role": "C_fast", "simulated_s": 0.35000000000000003, "wall_s": 0.40064687200356275}
{"role": "C_fast", "simulated_s": 0.4, "wall_s": 0.43896429700544104}
{"role": "C_fast", "simulated_s": 0.45, "wall_s": 0.4781539220130071}
{"role": "C_fast", "simulated_s": 0.5, "wall_s": 0.5161819299682975}
{"role": "C_fast", "simulated_s": 0.55, "wall_s": 0.5591839159606025}
{"role": "C_fast", "simulated_s": 0.6000000000000001, "wall_s": 0.5939839069615118}
{"role": "C_fast", "simulated_s": 0.65, "wall_s": 0.6363131100079045}
{"role": "C_fast", "simulated_s": 0.7000000000000001, "wall_s": 0.6798753889743239}
{"role": "C_fast", "simulated_s": 0.75, "wall_s": 0.7269674760173075}
{"role": "C_fast", "simulated_s": 0.8, "wall_s": 0.7699629159760661}
{"role": "C_fast", "simulated_s": 0.8500000000000001, "wall_s": 0.803920054982882}
{"role": "C_fast", "simulated_s": 0.9, "wall_s": 0.842444317007903}
{"role": "C_fast", "simulated_s": 0.9500000000000001, "wall_s": 0.8853450029855594}
{"role": "C_fast", "simulated_s": 1.0, "wall_s": 0.9280498430016451}
{
  "scope": "Synthetic mixed ODE: recurrent network + seven-state transducer + conserved twelve-species chemistry. No species-specific fit, no complete brain, no spiking/delay/body.",
  "role": "C_fast",
  "counts": [
    90000,
    74700,
    2000
  ],
  "simulated_target_s": 1.0,
  "trajectory_probes": 4096,
  "sample_count": 21,
  "cpu_threads": 1,
  "python": "3.10.18 (main, Jun  5 2025, 13:14:17) [GCC 11.2.0]",
  "numpy": "1.26.4",
  "steps": 215,
  "rejected": 0,
  "advance_including_scans_s": 0.9295966649660841,
  "simulated_actual_s": 1.0,
  "device_pool_GiB": 0.3342156410217285,
  "explicit_copy_payloads": {
    "control_H2D_bytes": 3440,
    "control_D2H_bytes": 3440,
    "scan_D2H_bytes": 6503328
  },
  "hardware": "NVIDIA GeForce RTX 4070 Ti SUPER",
  "status": "COMPLETE",
  "model_sha256": "6e78068716c5a46195ddb6f0a2eb79383fa952b86394f5686edddad78c969bb4",
  "states": 726900,
  "connections": 23296700,
  "setup_s": 1.7361620620358735,
  "chemical_conservation_absolute": 9.992007221626409e-16,
  "total_worker_s": 2.889375650032889,
  "peak_RSS_GiB": 1.6256904602050781
}
