{
  "scope": "Synthetic mixed ODE: recurrent network + seven-state transducer + conserved twelve-species chemistry. No species-specific fit, no complete brain, no spiking/delay/body.",
  "role": "reference_fine",
  "counts": [
    90000,
    74700,
    2000
  ],
  "simulated_target_s": 1.0,
  "trajectory_probes": 4096,
  "sample_count": 21,
  "cpu_threads": 1,
  "python": "3.10.18 (main, Jun  5 2025, 13:14:17) [GCC 11.2.0]",
  "numpy": "1.26.4",
  "steps": null,
  "nfev": 9137,
  "advance_including_scans_s": 243.48211804794846,
  "simulated_actual_s": 1.0,
  "status": "COMPLETE",
  "model_sha256": "6e78068716c5a46195ddb6f0a2eb79383fa952b86394f5686edddad78c969bb4",
  "states": 726900,
  "connections": 23296700,
  "setup_s": 1.1584151809802279,
  "chemical_conservation_absolute": 1.6653345369377348e-15,
  "total_worker_s": 244.87020388798555,
  "peak_RSS_GiB": 1.6260452270507812
}
