{"phase": "preparacion", "step": 10, "clock_ns": 44456000000, "step_wall_s": 3.0389758430001166, "elapsed_s": 45.56972521099988, "yaw_delta_deg": -0.0016470807375981167}
{"phase": "preparacion", "step": 20, "clock_ns": 44466000000, "step_wall_s": 3.1901211700001113, "elapsed_s": 76.64879578399996, "yaw_delta_deg": 0.00022358289746193805}
{"phase": "preparacion", "step": 30, "clock_ns": 44476000000, "step_wall_s": 4.02106697499994, "elapsed_s": 109.09953172399992, "yaw_delta_deg": 0.0032901138307011024}
{"phase": "preparacion", "step": 40, "clock_ns": 44486000000, "step_wall_s": 3.009333424000033, "elapsed_s": 140.04682823199983, "yaw_delta_deg": 0.006079349371162834}
{"phase": "ensayo", "step": 10, "clock_ns": 44496000000, "step_wall_s": 3.325578201999633, "elapsed_s": 200.29414883399977, "yaw_delta_deg": 0.00015722443845334055}
{"phase": "ensayo", "step": 20, "clock_ns": 44506000000, "step_wall_s": 2.9864493120003317, "elapsed_s": 229.90257863099987, "yaw_delta_deg": 7.121218797578877e-05}
{"phase": "ensayo", "step": 30, "clock_ns": 44516000000, "step_wall_s": 2.6292881019999186, "elapsed_s": 259.800184573, "yaw_delta_deg": -1.8386564590855414e-05}
{"phase": "ensayo", "step": 40, "clock_ns": 44526000000, "step_wall_s": 2.778051267000137, "elapsed_s": 291.8362140119998, "yaw_delta_deg": -0.00010909688162996645}
{"phase": "ensayo", "step": 50, "clock_ns": 44536000000, "step_wall_s": 3.459041143000377, "elapsed_s": 323.440369592, "yaw_delta_deg": -0.00020000250859197877}
{"phase": "ensayo", "step": 60, "clock_ns": 44546000000, "step_wall_s": 2.82740955700001, "elapsed_s": 353.92042164199984, "yaw_delta_deg": -0.0002907179415956307}
{"phase": "ensayo", "step": 70, "clock_ns": 44556000000, "step_wall_s": 3.032451576999847, "elapsed_s": 384.4376704900001, "yaw_delta_deg": -0.0003810783091751091}
{"phase": "ensayo", "step": 80, "clock_ns": 44566000000, "step_wall_s": 3.177552827999989, "elapsed_s": 416.58508171999983, "yaw_delta_deg": -0.00047101988585041}
{"phase": "ensayo", "step": 90, "clock_ns": 44576000000, "step_wall_s": 3.1936119920001147, "elapsed_s": 448.7986893530001, "yaw_delta_deg": -0.0005605275089237693}
{"phase": "ensayo", "step": 100, "clock_ns": 44586000000, "step_wall_s": 3.031108880999909, "elapsed_s": 478.73813940599985, "yaw_delta_deg": -0.0006496096755768122}
{"phase": "ensayo", "step": 110, "clock_ns": 44596000000, "step_wall_s": 3.756354354999985, "elapsed_s": 538.8517803929999, "yaw_delta_deg": -0.0007382862399083479}
{"phase": "ensayo", "step": 120, "clock_ns": 44606000000, "step_wall_s": 2.8998684630000753, "elapsed_s": 570.1623761739997, "yaw_delta_deg": -0.000826582145549537}
{"phase": "ensayo", "step": 130, "clock_ns": 44616000000, "step_wall_s": 2.9296618799999123, "elapsed_s": 599.4448045549998, "yaw_delta_deg": -0.0009145241474470822}
{"phase": "ensayo", "step": 140, "clock_ns": 44626000000, "step_wall_s": 2.7133605089998127, "elapsed_s": 630.397399387, "yaw_delta_deg": -0.0010021390603469627}
{"phase": "ensayo", "step": 150, "clock_ns": 44636000000, "step_wall_s": 2.9860536319997664, "elapsed_s": 661.611053046, "yaw_delta_deg": -0.0010894528159610672}
{"phase": "ensayo", "step": 160, "clock_ns": 44646000000, "step_wall_s": 3.282112572999722, "elapsed_s": 693.2975407929998, "yaw_delta_deg": -0.0011764899666104611}
{"phase": "ensayo", "step": 170, "clock_ns": 44656000000, "step_wall_s": 2.673912599000232, "elapsed_s": 721.9677363750002, "yaw_delta_deg": -0.0012632734454882666}
{"phase": "ensayo", "step": 180, "clock_ns": 44666000000, "step_wall_s": 3.5591927810000925, "elapsed_s": 753.1284713270002, "yaw_delta_deg": -0.0013498244793481717}
{"phase": "ensayo", "step": 190, "clock_ns": 44676000000, "step_wall_s": 2.95362844400006, "elapsed_s": 783.6398606039998, "yaw_delta_deg": -0.0014361625918013488}
{"phase": "ensayo", "step": 200, "clock_ns": 44686000000, "step_wall_s": 2.7257081220000146, "elapsed_s": 813.2062888109999, "yaw_delta_deg": -0.0015223056621778142}
{"phase": "ensayo", "step": 210, "clock_ns": 44696000000, "step_wall_s": 2.729174223999962, "elapsed_s": 842.1758766019998, "yaw_delta_deg": -0.0016082700154811391}
{"phase": "ensayo", "step": 220, "clock_ns": 44706000000, "step_wall_s": 3.043207739999616, "elapsed_s": 872.4467556280001, "yaw_delta_deg": -0.0016940705284298474}
{"phase": "ensayo", "step": 230, "clock_ns": 44716000000, "step_wall_s": 3.0930785820000892, "elapsed_s": 902.016955559, "yaw_delta_deg": -0.0017797207421779149}
{"phase": "ensayo", "step": 240, "clock_ns": 44726000000, "step_wall_s": 2.6131167579997054, "elapsed_s": 931.8129021629998, "yaw_delta_deg": -0.0018652329749215824}
{"phase": "ensayo", "step": 250, "clock_ns": 44736000000, "step_wall_s": 2.8461038420000477, "elapsed_s": 961.5058235050001, "yaw_delta_deg": -0.0019506184313797803}
{"phase": "ensayo", "step": 260, "clock_ns": 44746000000, "step_wall_s": 2.392793600999994, "elapsed_s": 990.4319668180001, "yaw_delta_deg": -0.0020358873049417525}
{"phase": "ensayo", "step": 270, "clock_ns": 44756000000, "step_wall_s": 2.6196749929999896, "elapsed_s": 1020.733890171, "yaw_delta_deg": -0.0021210488737892774}
{"phase": "ensayo", "step": 280, "clock_ns": 44766000000, "step_wall_s": 3.347676884000066, "elapsed_s": 1050.69543397, "yaw_delta_deg": -0.002206111588236581}
{"phase": "ensayo", "step": 290, "clock_ns": 44776000000, "step_wall_s": 2.924662820999856, "elapsed_s": 1079.614654865, "yaw_delta_deg": -0.0022910831509364016}
{"phase": "ensayo", "step": 300, "clock_ns": 44786000000, "step_wall_s": 3.1148593180000717, "elapsed_s": 1109.426733667, "yaw_delta_deg": -0.002375970588786913}
{"phase": "ensayo", "step": 310, "clock_ns": 44796000000, "step_wall_s": 2.904417833000025, "elapsed_s": 1140.1615513359998, "yaw_delta_deg": -0.0024607803186142974}
{"phase": "ensayo", "step": 320, "clock_ns": 44806000000, "step_wall_s": 2.7897174340000674, "elapsed_s": 1170.2871878780002, "yaw_delta_deg": -0.0025455182056077774}
{"phase": "ensayo", "step": 330, "clock_ns": 44816000000, "step_wall_s": 3.1500250680001045, "elapsed_s": 1199.760070705, "yaw_delta_deg": -0.0026301896160134675}
{"phase": "ensayo", "step": 340, "clock_ns": 44826000000, "step_wall_s": 3.076028079000025, "elapsed_s": 1228.1836310919998, "yaw_delta_deg": -0.0027147994644849405}
{"phase": "ensayo", "step": 350, "clock_ns": 44836000000, "step_wall_s": 3.5067363050002314, "elapsed_s": 1258.6436556010003, "yaw_delta_deg": -0.0027993522568010576}
{"phase": "ensayo", "step": 360, "clock_ns": 44846000000, "step_wall_s": 3.206705284999771, "elapsed_s": 1288.6098684299996, "yaw_delta_deg": -0.002883852127609998}
{"phase": "ensayo", "step": 370, "clock_ns": 44856000000, "step_wall_s": 3.5568568200005757, "elapsed_s": 1318.404378147, "yaw_delta_deg": -0.00296830287467742}
{"phase": "ensayo", "step": 380, "clock_ns": 44866000000, "step_wall_s": 2.494787233000352, "elapsed_s": 1349.4936661700003, "yaw_delta_deg": -0.003052707989809278}
{"phase": "ensayo", "step": 390, "clock_ns": 44876000000, "step_wall_s": 2.6867609459995947, "elapsed_s": 1378.2394387969998, "yaw_delta_deg": -0.003137070686250354}
{"phase": "ensayo", "step": 400, "clock_ns": 44886000000, "step_wall_s": 2.8822408609994454, "elapsed_s": 1408.4619394720003, "yaw_delta_deg": -0.0032213939236669376}
