{"phase": "preparacion", "step": 10, "clock_ns": 44456000000, "step_wall_s": 2.9439660809994166, "elapsed_s": 45.242057493000175, "yaw_delta_deg": -0.0016470807375981167}
{"phase": "preparacion", "step": 20, "clock_ns": 44466000000, "step_wall_s": 3.2208081930002663, "elapsed_s": 76.38944417099992, "yaw_delta_deg": 0.00022358289746193805}
{"phase": "preparacion", "step": 30, "clock_ns": 44476000000, "step_wall_s": 4.030725874999916, "elapsed_s": 108.83954982700016, "yaw_delta_deg": 0.0032901138307011024}
{"phase": "preparacion", "step": 40, "clock_ns": 44486000000, "step_wall_s": 3.003939857999285, "elapsed_s": 139.79330096099966, "yaw_delta_deg": 0.006079349371162834}
{"phase": "ensayo", "step": 10, "clock_ns": 44496000000, "step_wall_s": 3.254543682000076, "elapsed_s": 200.08848002899958, "yaw_delta_deg": 0.00015722443845334055}
{"phase": "ensayo", "step": 20, "clock_ns": 44506000000, "step_wall_s": 2.9364257400002316, "elapsed_s": 229.81887145899964, "yaw_delta_deg": 7.121218797578877e-05}
{"phase": "ensayo", "step": 30, "clock_ns": 44516000000, "step_wall_s": 2.553934914999445, "elapsed_s": 260.723324781, "yaw_delta_deg": -1.8386564590855414e-05}
{"phase": "ensayo", "step": 40, "clock_ns": 44526000000, "step_wall_s": 3.0919082209993576, "elapsed_s": 293.27179152699955, "yaw_delta_deg": -0.00010909688162996645}
{"phase": "ensayo", "step": 50, "clock_ns": 44536000000, "step_wall_s": 3.5340951200005293, "elapsed_s": 324.25234158700005, "yaw_delta_deg": -0.00020000250859197877}
{"phase": "ensayo", "step": 60, "clock_ns": 44546000000, "step_wall_s": 3.288511742999617, "elapsed_s": 355.42534600699946, "yaw_delta_deg": -0.0002907179415956307}
{"phase": "ensayo", "step": 70, "clock_ns": 44556000000, "step_wall_s": 3.177718007000294, "elapsed_s": 386.0516369320003, "yaw_delta_deg": -0.0003810783091751091}
{"phase": "ensayo", "step": 80, "clock_ns": 44566000000, "step_wall_s": 2.7279574959993624, "elapsed_s": 415.7625085359996, "yaw_delta_deg": -0.00047101988585041}
{"phase": "ensayo", "step": 90, "clock_ns": 44576000000, "step_wall_s": 2.531044409999595, "elapsed_s": 445.92332532899945, "yaw_delta_deg": -0.0005605275089237693}
{"phase": "ensayo", "step": 100, "clock_ns": 44586000000, "step_wall_s": 3.1726434399997743, "elapsed_s": 476.4706846050003, "yaw_delta_deg": -0.0006496096755768122}
{"phase": "ensayo", "step": 110, "clock_ns": 44596000000, "step_wall_s": 2.8980459799995515, "elapsed_s": 538.8756397979996, "yaw_delta_deg": -0.0007382862399083479}
{"phase": "ensayo", "step": 120, "clock_ns": 44606000000, "step_wall_s": 2.898894540000583, "elapsed_s": 569.7518829279998, "yaw_delta_deg": -0.000826582145549537}
{"phase": "ensayo", "step": 130, "clock_ns": 44616000000, "step_wall_s": 3.0046795369999018, "elapsed_s": 598.13910468, "yaw_delta_deg": -0.0009145241474470822}
{"phase": "ensayo", "step": 140, "clock_ns": 44626000000, "step_wall_s": 2.5319463800005906, "elapsed_s": 627.4538302680003, "yaw_delta_deg": -0.0010021390603469627}
{"phase": "ensayo", "step": 150, "clock_ns": 44636000000, "step_wall_s": 3.0524171370007025, "elapsed_s": 658.0434856359998, "yaw_delta_deg": -0.0010894528159610672}
{"phase": "ensayo", "step": 160, "clock_ns": 44646000000, "step_wall_s": 3.3435451919995103, "elapsed_s": 688.9648852089995, "yaw_delta_deg": -0.0011764899666104611}
{"phase": "ensayo", "step": 170, "clock_ns": 44656000000, "step_wall_s": 2.874000366000473, "elapsed_s": 718.6330031819998, "yaw_delta_deg": -0.0012632734454882666}
{"phase": "ensayo", "step": 180, "clock_ns": 44666000000, "step_wall_s": 2.9904402330002995, "elapsed_s": 747.8292433879997, "yaw_delta_deg": -0.0013498244793481717}
{"phase": "ensayo", "step": 190, "clock_ns": 44676000000, "step_wall_s": 2.7017637700000705, "elapsed_s": 778.0485734869999, "yaw_delta_deg": -0.0014361625918013488}
{"phase": "ensayo", "step": 200, "clock_ns": 44686000000, "step_wall_s": 2.7478665400003592, "elapsed_s": 807.9524958290003, "yaw_delta_deg": -0.0015223056621778142}
{"phase": "ensayo", "step": 210, "clock_ns": 44696000000, "step_wall_s": 2.9653829919998316, "elapsed_s": 837.5929905309995, "yaw_delta_deg": -0.0016082700154811391}
{"phase": "ensayo", "step": 220, "clock_ns": 44706000000, "step_wall_s": 3.0706585689995336, "elapsed_s": 867.9296328629998, "yaw_delta_deg": -0.0016940705284298474}
{"phase": "ensayo", "step": 230, "clock_ns": 44716000000, "step_wall_s": 2.95580806199996, "elapsed_s": 896.3352362770001, "yaw_delta_deg": -0.0017797207421779149}
{"phase": "ensayo", "step": 240, "clock_ns": 44726000000, "step_wall_s": 3.067909576000602, "elapsed_s": 925.8466350339995, "yaw_delta_deg": -0.0018652329749215824}
{"phase": "ensayo", "step": 250, "clock_ns": 44736000000, "step_wall_s": 3.0997160619999704, "elapsed_s": 954.8926144730003, "yaw_delta_deg": -0.0019506184313797803}
{"phase": "ensayo", "step": 260, "clock_ns": 44746000000, "step_wall_s": 2.36790863799979, "elapsed_s": 985.3077906319995, "yaw_delta_deg": -0.0020358873049417525}
{"phase": "ensayo", "step": 270, "clock_ns": 44756000000, "step_wall_s": 2.9498705610003526, "elapsed_s": 1014.4020169679998, "yaw_delta_deg": -0.0021210488737892774}
{"phase": "ensayo", "step": 280, "clock_ns": 44766000000, "step_wall_s": 2.947541992999504, "elapsed_s": 1043.5373613769998, "yaw_delta_deg": -0.002206111588236581}
{"phase": "ensayo", "step": 290, "clock_ns": 44776000000, "step_wall_s": 2.9345901350006898, "elapsed_s": 1073.9674292729997, "yaw_delta_deg": -0.0022910831509364016}
{"phase": "ensayo", "step": 300, "clock_ns": 44786000000, "step_wall_s": 3.103280672999972, "elapsed_s": 1104.1433531510002, "yaw_delta_deg": -0.002375970588786913}
{"phase": "ensayo", "step": 310, "clock_ns": 44796000000, "step_wall_s": 2.6037726840004325, "elapsed_s": 1133.7892115799996, "yaw_delta_deg": -0.0024607803186142974}
{"phase": "ensayo", "step": 320, "clock_ns": 44806000000, "step_wall_s": 2.450839819000066, "elapsed_s": 1162.3454594409995, "yaw_delta_deg": -0.0025455182056077774}
{"phase": "ensayo", "step": 330, "clock_ns": 44816000000, "step_wall_s": 3.2097614750000503, "elapsed_s": 1192.780300339, "yaw_delta_deg": -0.0026301896160134675}
{"phase": "ensayo", "step": 340, "clock_ns": 44826000000, "step_wall_s": 3.364014670999495, "elapsed_s": 1222.1827551019996, "yaw_delta_deg": -0.0027147994644849405}
{"phase": "ensayo", "step": 350, "clock_ns": 44836000000, "step_wall_s": 2.9995328800005154, "elapsed_s": 1250.5843392919996, "yaw_delta_deg": -0.0027993522568010576}
{"phase": "ensayo", "step": 360, "clock_ns": 44846000000, "step_wall_s": 2.8134537179994368, "elapsed_s": 1279.4708589709999, "yaw_delta_deg": -0.002883852127609998}
{"phase": "ensayo", "step": 370, "clock_ns": 44856000000, "step_wall_s": 2.7109301849995973, "elapsed_s": 1308.208623126, "yaw_delta_deg": -0.00296830287467742}
{"phase": "ensayo", "step": 380, "clock_ns": 44866000000, "step_wall_s": 2.7048678640003345, "elapsed_s": 1337.233911882, "yaw_delta_deg": -0.003052707989809278}
{"phase": "ensayo", "step": 390, "clock_ns": 44876000000, "step_wall_s": 3.1420016830006716, "elapsed_s": 1368.1792210619997, "yaw_delta_deg": -0.003137070686250354}
{"phase": "ensayo", "step": 400, "clock_ns": 44886000000, "step_wall_s": 2.8378401230002055, "elapsed_s": 1398.4917344699998, "yaw_delta_deg": -0.0032213939236669376}
