-- Install configuration: "Release"

Install shared components

-- Installing: /home/daroch/AXIOMA_ASTRA/motor_nuevo/general_v2_20260922/vendor/install/lib/libsundials_core.so.7.6.0
-- Up-to-date: /home/daroch/AXIOMA_ASTRA/motor_nuevo/general_v2_20260922/vendor/install/lib/libsundials_core.so.7
-- Set non-toolchain portion of runtime path of "/home/daroch/AXIOMA_ASTRA/motor_nuevo/general_v2_20260922/vendor/install/lib/libsundials_core.so.7.6.0" to "/home/daroch/AXIOMA_ASTRA/motor_nuevo/general_v2_20260922/vendor/install/lib"
-- Up-to-date: /home/daroch/AXIOMA_ASTRA/motor_nuevo/general_v2_20260922/vendor/install/lib/libsundials_core.so
-- Up-to-date: /home/daroch/AXIOMA_ASTRA/motor_nuevo/general_v2_20260922/vendor/install/include/sundials/sundials_adaptcontroller.h
-- Up-to-date: /home/daroch/AXIOMA_ASTRA/motor_nuevo/general_v2_20260922/vendor/install/include/sundials/sundials_adaptcontroller.hpp
-- Up-to-date: /home/daroch/AXIOMA_ASTRA/motor_nuevo/general_v2_20260922/vendor/install/include/sundials/sundials_adjointcheckpointscheme.h
-- Up-to-date: /home/daroch/AXIOMA_ASTRA/motor_nuevo/general_v2_20260922/vendor/install/include/sundials/sundials_adjointcheckpointscheme.hpp
-- Up-to-date: /home/daroch/AXIOMA_ASTRA/motor_nuevo/general_v2_20260922/vendor/install/include/sundials/sundials_adjointstepper.h
-- Up-to-date: /home/daroch/AXIOMA_ASTRA/motor_nuevo/general_v2_20260922/vendor/install/include/sundials/sundials_adjointstepper.hpp
-- Up-to-date: /home/daroch/AXIOMA_ASTRA/motor_nuevo/general_v2_20260922/vendor/install/include/sundials/sundials_band.h
-- Up-to-date: /home/daroch/AXIOMA_ASTRA/motor_nuevo/general_v2_20260922/vendor/install/include/sundials/sundials_base.hpp
-- Up-to-date: /home/daroch/AXIOMA_ASTRA/motor_nuevo/general_v2_20260922/vendor/install/include/sundials/sundials_classview.hpp
-- Up-to-date: /home/daroch/AXIOMA_ASTRA/motor_nuevo/general_v2_20260922/vendor/install/include/sundials/sundials_context.h
-- Up-to-date: /home/daroch/AXIOMA_ASTRA/motor_nuevo/general_v2_20260922/vendor/install/include/sundials/sundials_context.hpp
-- Up-to-date: /home/daroch/AXIOMA_ASTRA/motor_nuevo/general_v2_20260922/vendor/install/include/sundials/sundials_convertibleto.hpp
-- Up-to-date: /home/daroch/AXIOMA_ASTRA/motor_nuevo/general_v2_20260922/vendor/install/include/sundials/sundials_core.h
-- Up-to-date: /home/daroch/AXIOMA_ASTRA/motor_nuevo/general_v2_20260922/vendor/install/include/sundials/sundials_core.hpp
-- Up-to-date: /home/daroch/AXIOMA_ASTRA/motor_nuevo/general_v2_20260922/vendor/install/include/sundials/sundials_dense.h
-- Up-to-date: /home/daroch/AXIOMA_ASTRA/motor_nuevo/general_v2_20260922/vendor/install/include/sundials/sundials_direct.h
-- Up-to-date: /home/daroch/AXIOMA_ASTRA/motor_nuevo/general_v2_20260922/vendor/install/include/sundials/sundials_domeigestimator.h
-- Up-to-date: /home/daroch/AXIOMA_ASTRA/motor_nuevo/general_v2_20260922/vendor/install/include/sundials/sundials_domeigestimator.hpp
-- Up-to-date: /home/daroch/AXIOMA_ASTRA/motor_nuevo/general_v2_20260922/vendor/install/include/sundials/sundials_errors.h
-- Up-to-date: /home/daroch/AXIOMA_ASTRA/motor_nuevo/general_v2_20260922/vendor/install/include/sundials/sundials_futils.h
-- Up-to-date: /home/daroch/AXIOMA_ASTRA/motor_nuevo/general_v2_20260922/vendor/install/include/sundials/sundials_iterative.h
-- Up-to-date: /home/daroch/AXIOMA_ASTRA/motor_nuevo/general_v2_20260922/vendor/install/include/sundials/sundials_linearsolver.h
-- Up-to-date: /home/daroch/AXIOMA_ASTRA/motor_nuevo/general_v2_20260922/vendor/install/include/sundials/sundials_linearsolver.hpp
-- Up-to-date: /home/daroch/AXIOMA_ASTRA/motor_nuevo/general_v2_20260922/vendor/install/include/sundials/sundials_logger.h
-- Up-to-date: /home/daroch/AXIOMA_ASTRA/motor_nuevo/general_v2_20260922/vendor/install/include/sundials/sundials_logger.hpp
-- Up-to-date: /home/daroch/AXIOMA_ASTRA/motor_nuevo/general_v2_20260922/vendor/install/include/sundials/sundials_math.h
-- Up-to-date: /home/daroch/AXIOMA_ASTRA/motor_nuevo/general_v2_20260922/vendor/install/include/sundials/sundials_matrix.h
-- Up-to-date: /home/daroch/AXIOMA_ASTRA/motor_nuevo/general_v2_20260922/vendor/install/include/sundials/sundials_matrix.hpp
-- Up-to-date: /home/daroch/AXIOMA_ASTRA/motor_nuevo/general_v2_20260922/vendor/install/include/sundials/sundials_memory.h
-- Up-to-date: /home/daroch/AXIOMA_ASTRA/motor_nuevo/general_v2_20260922/vendor/install/include/sundials/sundials_memory.hpp
-- Up-to-date: /home/daroch/AXIOMA_ASTRA/motor_nuevo/general_v2_20260922/vendor/install/include/sundials/sundials_mpi_types.h
-- Up-to-date: /home/daroch/AXIOMA_ASTRA/motor_nuevo/general_v2_20260922/vendor/install/include/sundials/sundials_nonlinearsolver.h
-- Up-to-date: /home/daroch/AXIOMA_ASTRA/motor_nuevo/general_v2_20260922/vendor/install/include/sundials/sundials_nonlinearsolver.hpp
-- Up-to-date: /home/daroch/AXIOMA_ASTRA/motor_nuevo/general_v2_20260922/vendor/install/include/sundials/sundials_nvector.h
-- Up-to-date: /home/daroch/AXIOMA_ASTRA/motor_nuevo/general_v2_20260922/vendor/install/include/sundials/sundials_nvector.hpp
-- Up-to-date: /home/daroch/AXIOMA_ASTRA/motor_nuevo/general_v2_20260922/vendor/install/include/sundials/sundials_profiler.h
-- Up-to-date: /home/daroch/AXIOMA_ASTRA/motor_nuevo/general_v2_20260922/vendor/install/include/sundials/sundials_profiler.hpp
-- Up-to-date: /home/daroch/AXIOMA_ASTRA/motor_nuevo/general_v2_20260922/vendor/install/include/sundials/sundials_stepper.h
-- Up-to-date: /home/daroch/AXIOMA_ASTRA/motor_nuevo/general_v2_20260922/vendor/install/include/sundials/sundials_stepper.hpp
-- Up-to-date: /home/daroch/AXIOMA_ASTRA/motor_nuevo/general_v2_20260922/vendor/install/include/sundials/sundials_types_deprecated.h
-- Up-to-date: /home/daroch/AXIOMA_ASTRA/motor_nuevo/general_v2_20260922/vendor/install/include/sundials/sundials_types.h
-- Up-to-date: /home/daroch/AXIOMA_ASTRA/motor_nuevo/general_v2_20260922/vendor/install/include/sundials/sundials_version.h
-- Up-to-date: /home/daroch/AXIOMA_ASTRA/motor_nuevo/general_v2_20260922/vendor/install/include/sundials/sundials_cuda_policies.hpp
-- Up-to-date: /home/daroch/AXIOMA_ASTRA/motor_nuevo/general_v2_20260922/vendor/install/include/sundials/priv/sundials_context_impl.h
-- Up-to-date: /home/daroch/AXIOMA_ASTRA/motor_nuevo/general_v2_20260922/vendor/install/include/sundials/priv/sundials_errors_impl.h
-- Up-to-date: /home/daroch/AXIOMA_ASTRA/motor_nuevo/general_v2_20260922/vendor/install/include/sundials/priv/sundials_logger_macros.h

Install NVECTOR_SERIAL

-- Installing: /home/daroch/AXIOMA_ASTRA/motor_nuevo/general_v2_20260922/vendor/install/lib/libsundials_nvecserial.so.7.6.0
-- Up-to-date: /home/daroch/AXIOMA_ASTRA/motor_nuevo/general_v2_20260922/vendor/install/lib/libsundials_nvecserial.so.7
-- Set non-toolchain portion of runtime path of "/home/daroch/AXIOMA_ASTRA/motor_nuevo/general_v2_20260922/vendor/install/lib/libsundials_nvecserial.so.7.6.0" to "/home/daroch/AXIOMA_ASTRA/motor_nuevo/general_v2_20260922/vendor/install/lib"
-- Up-to-date: /home/daroch/AXIOMA_ASTRA/motor_nuevo/general_v2_20260922/vendor/install/lib/libsundials_nvecserial.so
-- Up-to-date: /home/daroch/AXIOMA_ASTRA/motor_nuevo/general_v2_20260922/vendor/install/include/nvector/nvector_serial.h

Install NVECTOR_MANYVECTOR

-- Installing: /home/daroch/AXIOMA_ASTRA/motor_nuevo/general_v2_20260922/vendor/install/lib/libsundials_nvecmanyvector.so.7.6.0
-- Up-to-date: /home/daroch/AXIOMA_ASTRA/motor_nuevo/general_v2_20260922/vendor/install/lib/libsundials_nvecmanyvector.so.7
-- Set non-toolchain portion of runtime path of "/home/daroch/AXIOMA_ASTRA/motor_nuevo/general_v2_20260922/vendor/install/lib/libsundials_nvecmanyvector.so.7.6.0" to "/home/daroch/AXIOMA_ASTRA/motor_nuevo/general_v2_20260922/vendor/install/lib"
-- Up-to-date: /home/daroch/AXIOMA_ASTRA/motor_nuevo/general_v2_20260922/vendor/install/lib/libsundials_nvecmanyvector.so
-- Up-to-date: /home/daroch/AXIOMA_ASTRA/motor_nuevo/general_v2_20260922/vendor/install/include/nvector/nvector_manyvector.h

Install NVECTOR_CUDA

-- Installing: /home/daroch/AXIOMA_ASTRA/motor_nuevo/general_v2_20260922/vendor/install/lib/libsundials_nveccuda.so.7.6.0
-- Up-to-date: /home/daroch/AXIOMA_ASTRA/motor_nuevo/general_v2_20260922/vendor/install/lib/libsundials_nveccuda.so.7
-- Set non-toolchain portion of runtime path of "/home/daroch/AXIOMA_ASTRA/motor_nuevo/general_v2_20260922/vendor/install/lib/libsundials_nveccuda.so.7.6.0" to "/home/daroch/AXIOMA_ASTRA/motor_nuevo/general_v2_20260922/vendor/install/lib"
-- Up-to-date: /home/daroch/AXIOMA_ASTRA/motor_nuevo/general_v2_20260922/vendor/install/lib/libsundials_nveccuda.so
-- Up-to-date: /home/daroch/AXIOMA_ASTRA/motor_nuevo/general_v2_20260922/vendor/install/include/nvector/nvector_cuda.h

Install SUNMATRIX_BAND

-- Installing: /home/daroch/AXIOMA_ASTRA/motor_nuevo/general_v2_20260922/vendor/install/lib/libsundials_sunmatrixband.so.5.6.0
-- Up-to-date: /home/daroch/AXIOMA_ASTRA/motor_nuevo/general_v2_20260922/vendor/install/lib/libsundials_sunmatrixband.so.5
-- Set non-toolchain portion of runtime path of "/home/daroch/AXIOMA_ASTRA/motor_nuevo/general_v2_20260922/vendor/install/lib/libsundials_sunmatrixband.so.5.6.0" to "/home/daroch/AXIOMA_ASTRA/motor_nuevo/general_v2_20260922/vendor/install/lib"
-- Up-to-date: /home/daroch/AXIOMA_ASTRA/motor_nuevo/general_v2_20260922/vendor/install/lib/libsundials_sunmatrixband.so
-- Up-to-date: /home/daroch/AXIOMA_ASTRA/motor_nuevo/general_v2_20260922/vendor/install/include/sunmatrix/sunmatrix_band.h

Install SUNMATRIX_DENSE

-- Installing: /home/daroch/AXIOMA_ASTRA/motor_nuevo/general_v2_20260922/vendor/install/lib/libsundials_sunmatrixdense.so.5.6.0
-- Up-to-date: /home/daroch/AXIOMA_ASTRA/motor_nuevo/general_v2_20260922/vendor/install/lib/libsundials_sunmatrixdense.so.5
-- Set non-toolchain portion of runtime path of "/home/daroch/AXIOMA_ASTRA/motor_nuevo/general_v2_20260922/vendor/install/lib/libsundials_sunmatrixdense.so.5.6.0" to "/home/daroch/AXIOMA_ASTRA/motor_nuevo/general_v2_20260922/vendor/install/lib"
-- Up-to-date: /home/daroch/AXIOMA_ASTRA/motor_nuevo/general_v2_20260922/vendor/install/lib/libsundials_sunmatrixdense.so
-- Up-to-date: /home/daroch/AXIOMA_ASTRA/motor_nuevo/general_v2_20260922/vendor/install/include/sunmatrix/sunmatrix_dense.h

Install SUNMATRIX_SPARSE

-- Installing: /home/daroch/AXIOMA_ASTRA/motor_nuevo/general_v2_20260922/vendor/install/lib/libsundials_sunmatrixsparse.so.5.6.0
-- Up-to-date: /home/daroch/AXIOMA_ASTRA/motor_nuevo/general_v2_20260922/vendor/install/lib/libsundials_sunmatrixsparse.so.5
-- Set non-toolchain portion of runtime path of "/home/daroch/AXIOMA_ASTRA/motor_nuevo/general_v2_20260922/vendor/install/lib/libsundials_sunmatrixsparse.so.5.6.0" to "/home/daroch/AXIOMA_ASTRA/motor_nuevo/general_v2_20260922/vendor/install/lib"
-- Up-to-date: /home/daroch/AXIOMA_ASTRA/motor_nuevo/general_v2_20260922/vendor/install/lib/libsundials_sunmatrixsparse.so
-- Up-to-date: /home/daroch/AXIOMA_ASTRA/motor_nuevo/general_v2_20260922/vendor/install/include/sunmatrix/sunmatrix_sparse.h

Install SUNLINSOL_BAND

-- Installing: /home/daroch/AXIOMA_ASTRA/motor_nuevo/general_v2_20260922/vendor/install/lib/libsundials_sunlinsolband.so.5.6.0
-- Up-to-date: /home/daroch/AXIOMA_ASTRA/motor_nuevo/general_v2_20260922/vendor/install/lib/libsundials_sunlinsolband.so.5
-- Set non-toolchain portion of runtime path of "/home/daroch/AXIOMA_ASTRA/motor_nuevo/general_v2_20260922/vendor/install/lib/libsundials_sunlinsolband.so.5.6.0" to "/home/daroch/AXIOMA_ASTRA/motor_nuevo/general_v2_20260922/vendor/install/lib"
-- Up-to-date: /home/daroch/AXIOMA_ASTRA/motor_nuevo/general_v2_20260922/vendor/install/lib/libsundials_sunlinsolband.so
-- Up-to-date: /home/daroch/AXIOMA_ASTRA/motor_nuevo/general_v2_20260922/vendor/install/include/sunlinsol/sunlinsol_band.h

Install SUNLINSOL_DENSE

-- Installing: /home/daroch/AXIOMA_ASTRA/motor_nuevo/general_v2_20260922/vendor/install/lib/libsundials_sunlinsoldense.so.5.6.0
-- Up-to-date: /home/daroch/AXIOMA_ASTRA/motor_nuevo/general_v2_20260922/vendor/install/lib/libsundials_sunlinsoldense.so.5
-- Set non-toolchain portion of runtime path of "/home/daroch/AXIOMA_ASTRA/motor_nuevo/general_v2_20260922/vendor/install/lib/libsundials_sunlinsoldense.so.5.6.0" to "/home/daroch/AXIOMA_ASTRA/motor_nuevo/general_v2_20260922/vendor/install/lib"
-- Up-to-date: /home/daroch/AXIOMA_ASTRA/motor_nuevo/general_v2_20260922/vendor/install/lib/libsundials_sunlinsoldense.so
-- Up-to-date: /home/daroch/AXIOMA_ASTRA/motor_nuevo/general_v2_20260922/vendor/install/include/sunlinsol/sunlinsol_dense.h

Install SUNLINSOL_PCG

-- Installing: /home/daroch/AXIOMA_ASTRA/motor_nuevo/general_v2_20260922/vendor/install/lib/libsundials_sunlinsolpcg.so.5.6.0
-- Up-to-date: /home/daroch/AXIOMA_ASTRA/motor_nuevo/general_v2_20260922/vendor/install/lib/libsundials_sunlinsolpcg.so.5
-- Set non-toolchain portion of runtime path of "/home/daroch/AXIOMA_ASTRA/motor_nuevo/general_v2_20260922/vendor/install/lib/libsundials_sunlinsolpcg.so.5.6.0" to "/home/daroch/AXIOMA_ASTRA/motor_nuevo/general_v2_20260922/vendor/install/lib"
-- Up-to-date: /home/daroch/AXIOMA_ASTRA/motor_nuevo/general_v2_20260922/vendor/install/lib/libsundials_sunlinsolpcg.so
-- Up-to-date: /home/daroch/AXIOMA_ASTRA/motor_nuevo/general_v2_20260922/vendor/install/include/sunlinsol/sunlinsol_pcg.h

Install SUNLINSOL_SPBCGS

-- Installing: /home/daroch/AXIOMA_ASTRA/motor_nuevo/general_v2_20260922/vendor/install/lib/libsundials_sunlinsolspbcgs.so.5.6.0
-- Up-to-date: /home/daroch/AXIOMA_ASTRA/motor_nuevo/general_v2_20260922/vendor/install/lib/libsundials_sunlinsolspbcgs.so.5
-- Set non-toolchain portion of runtime path of "/home/daroch/AXIOMA_ASTRA/motor_nuevo/general_v2_20260922/vendor/install/lib/libsundials_sunlinsolspbcgs.so.5.6.0" to "/home/daroch/AXIOMA_ASTRA/motor_nuevo/general_v2_20260922/vendor/install/lib"
-- Up-to-date: /home/daroch/AXIOMA_ASTRA/motor_nuevo/general_v2_20260922/vendor/install/lib/libsundials_sunlinsolspbcgs.so
-- Up-to-date: /home/daroch/AXIOMA_ASTRA/motor_nuevo/general_v2_20260922/vendor/install/include/sunlinsol/sunlinsol_spbcgs.h

Install SUNLINSOL_SPFGMR

-- Installing: /home/daroch/AXIOMA_ASTRA/motor_nuevo/general_v2_20260922/vendor/install/lib/libsundials_sunlinsolspfgmr.so.5.6.0
-- Up-to-date: /home/daroch/AXIOMA_ASTRA/motor_nuevo/general_v2_20260922/vendor/install/lib/libsundials_sunlinsolspfgmr.so.5
-- Set non-toolchain portion of runtime path of "/home/daroch/AXIOMA_ASTRA/motor_nuevo/general_v2_20260922/vendor/install/lib/libsundials_sunlinsolspfgmr.so.5.6.0" to "/home/daroch/AXIOMA_ASTRA/motor_nuevo/general_v2_20260922/vendor/install/lib"
-- Up-to-date: /home/daroch/AXIOMA_ASTRA/motor_nuevo/general_v2_20260922/vendor/install/lib/libsundials_sunlinsolspfgmr.so
-- Up-to-date: /home/daroch/AXIOMA_ASTRA/motor_nuevo/general_v2_20260922/vendor/install/include/sunlinsol/sunlinsol_spfgmr.h

Install SUNLINSOL_SPGMR

-- Installing: /home/daroch/AXIOMA_ASTRA/motor_nuevo/general_v2_20260922/vendor/install/lib/libsundials_sunlinsolspgmr.so.5.6.0
-- Up-to-date: /home/daroch/AXIOMA_ASTRA/motor_nuevo/general_v2_20260922/vendor/install/lib/libsundials_sunlinsolspgmr.so.5
-- Set non-toolchain portion of runtime path of "/home/daroch/AXIOMA_ASTRA/motor_nuevo/general_v2_20260922/vendor/install/lib/libsundials_sunlinsolspgmr.so.5.6.0" to "/home/daroch/AXIOMA_ASTRA/motor_nuevo/general_v2_20260922/vendor/install/lib"
-- Up-to-date: /home/daroch/AXIOMA_ASTRA/motor_nuevo/general_v2_20260922/vendor/install/lib/libsundials_sunlinsolspgmr.so
-- Up-to-date: /home/daroch/AXIOMA_ASTRA/motor_nuevo/general_v2_20260922/vendor/install/include/sunlinsol/sunlinsol_spgmr.h

Install SUNLINSOL_SPTFQMR

-- Installing: /home/daroch/AXIOMA_ASTRA/motor_nuevo/general_v2_20260922/vendor/install/lib/libsundials_sunlinsolsptfqmr.so.5.6.0
-- Up-to-date: /home/daroch/AXIOMA_ASTRA/motor_nuevo/general_v2_20260922/vendor/install/lib/libsundials_sunlinsolsptfqmr.so.5
-- Set non-toolchain portion of runtime path of "/home/daroch/AXIOMA_ASTRA/motor_nuevo/general_v2_20260922/vendor/install/lib/libsundials_sunlinsolsptfqmr.so.5.6.0" to "/home/daroch/AXIOMA_ASTRA/motor_nuevo/general_v2_20260922/vendor/install/lib"
-- Up-to-date: /home/daroch/AXIOMA_ASTRA/motor_nuevo/general_v2_20260922/vendor/install/lib/libsundials_sunlinsolsptfqmr.so
-- Up-to-date: /home/daroch/AXIOMA_ASTRA/motor_nuevo/general_v2_20260922/vendor/install/include/sunlinsol/sunlinsol_sptfqmr.h

Install SUNNONLINSOL_NEWTON

-- Installing: /home/daroch/AXIOMA_ASTRA/motor_nuevo/general_v2_20260922/vendor/install/lib/libsundials_sunnonlinsolnewton.so.4.6.0
-- Up-to-date: /home/daroch/AXIOMA_ASTRA/motor_nuevo/general_v2_20260922/vendor/install/lib/libsundials_sunnonlinsolnewton.so.4
-- Set non-toolchain portion of runtime path of "/home/daroch/AXIOMA_ASTRA/motor_nuevo/general_v2_20260922/vendor/install/lib/libsundials_sunnonlinsolnewton.so.4.6.0" to "/home/daroch/AXIOMA_ASTRA/motor_nuevo/general_v2_20260922/vendor/install/lib"
-- Up-to-date: /home/daroch/AXIOMA_ASTRA/motor_nuevo/general_v2_20260922/vendor/install/lib/libsundials_sunnonlinsolnewton.so
-- Up-to-date: /home/daroch/AXIOMA_ASTRA/motor_nuevo/general_v2_20260922/vendor/install/include/sunnonlinsol/sunnonlinsol_newton.h

Install SUNNONLINSOL_FIXEDPOINT

-- Installing: /home/daroch/AXIOMA_ASTRA/motor_nuevo/general_v2_20260922/vendor/install/lib/libsundials_sunnonlinsolfixedpoint.so.4.6.0
-- Up-to-date: /home/daroch/AXIOMA_ASTRA/motor_nuevo/general_v2_20260922/vendor/install/lib/libsundials_sunnonlinsolfixedpoint.so.4
-- Set non-toolchain portion of runtime path of "/home/daroch/AXIOMA_ASTRA/motor_nuevo/general_v2_20260922/vendor/install/lib/libsundials_sunnonlinsolfixedpoint.so.4.6.0" to "/home/daroch/AXIOMA_ASTRA/motor_nuevo/general_v2_20260922/vendor/install/lib"
-- Up-to-date: /home/daroch/AXIOMA_ASTRA/motor_nuevo/general_v2_20260922/vendor/install/lib/libsundials_sunnonlinsolfixedpoint.so
-- Up-to-date: /home/daroch/AXIOMA_ASTRA/motor_nuevo/general_v2_20260922/vendor/install/include/sunnonlinsol/sunnonlinsol_fixedpoint.h
-- Up-to-date: /home/daroch/AXIOMA_ASTRA/motor_nuevo/general_v2_20260922/vendor/install/include/sunmemory/sunmemory_system.h
-- Up-to-date: /home/daroch/AXIOMA_ASTRA/motor_nuevo/general_v2_20260922/vendor/install/include/sunmemory/sunmemory_cuda.h
-- Up-to-date: /home/daroch/AXIOMA_ASTRA/motor_nuevo/general_v2_20260922/vendor/install/include/sunadaptcontroller/sunadaptcontroller_imexgus.h
-- Up-to-date: /home/daroch/AXIOMA_ASTRA/motor_nuevo/general_v2_20260922/vendor/install/include/sunadaptcontroller/sunadaptcontroller_soderlind.h
-- Up-to-date: /home/daroch/AXIOMA_ASTRA/motor_nuevo/general_v2_20260922/vendor/install/include/sunadaptcontroller/sunadaptcontroller_mrihtol.h
-- Up-to-date: /home/daroch/AXIOMA_ASTRA/motor_nuevo/general_v2_20260922/vendor/install/include/sunadjointcheckpointscheme/sundials_adjointstepper.h
-- Up-to-date: /home/daroch/AXIOMA_ASTRA/motor_nuevo/general_v2_20260922/vendor/install/include/sunadjointcheckpointscheme/sundials_adjointcheckpointscheme.h
-- Up-to-date: /home/daroch/AXIOMA_ASTRA/motor_nuevo/general_v2_20260922/vendor/install/include/sunadjointcheckpointscheme/sunadjointcheckpointscheme_fixed.h

Install SUNDOMEIGEST_POWER

-- Installing: /home/daroch/AXIOMA_ASTRA/motor_nuevo/general_v2_20260922/vendor/install/lib/libsundials_sundomeigestpower.so.1.1.0
-- Up-to-date: /home/daroch/AXIOMA_ASTRA/motor_nuevo/general_v2_20260922/vendor/install/lib/libsundials_sundomeigestpower.so.1
-- Set non-toolchain portion of runtime path of "/home/daroch/AXIOMA_ASTRA/motor_nuevo/general_v2_20260922/vendor/install/lib/libsundials_sundomeigestpower.so.1.1.0" to "/home/daroch/AXIOMA_ASTRA/motor_nuevo/general_v2_20260922/vendor/install/lib"
-- Up-to-date: /home/daroch/AXIOMA_ASTRA/motor_nuevo/general_v2_20260922/vendor/install/lib/libsundials_sundomeigestpower.so
-- Up-to-date: /home/daroch/AXIOMA_ASTRA/motor_nuevo/general_v2_20260922/vendor/install/include/sundomeigest/sundomeigest_power.h

Install ARKODE

-- Installing: /home/daroch/AXIOMA_ASTRA/motor_nuevo/general_v2_20260922/vendor/install/lib/libsundials_arkode.so.6.6.0
-- Up-to-date: /home/daroch/AXIOMA_ASTRA/motor_nuevo/general_v2_20260922/vendor/install/lib/libsundials_arkode.so.6
-- Set non-toolchain portion of runtime path of "/home/daroch/AXIOMA_ASTRA/motor_nuevo/general_v2_20260922/vendor/install/lib/libsundials_arkode.so.6.6.0" to "/home/daroch/AXIOMA_ASTRA/motor_nuevo/general_v2_20260922/vendor/install/lib"
-- Up-to-date: /home/daroch/AXIOMA_ASTRA/motor_nuevo/general_v2_20260922/vendor/install/lib/libsundials_arkode.so
-- Up-to-date: /home/daroch/AXIOMA_ASTRA/motor_nuevo/general_v2_20260922/vendor/install/include/arkode/arkode.h
-- Up-to-date: /home/daroch/AXIOMA_ASTRA/motor_nuevo/general_v2_20260922/vendor/install/include/arkode/arkode.hpp
-- Up-to-date: /home/daroch/AXIOMA_ASTRA/motor_nuevo/general_v2_20260922/vendor/install/include/arkode/arkode_arkstep.h
-- Up-to-date: /home/daroch/AXIOMA_ASTRA/motor_nuevo/general_v2_20260922/vendor/install/include/arkode/arkode_arkstep.hpp
-- Up-to-date: /home/daroch/AXIOMA_ASTRA/motor_nuevo/general_v2_20260922/vendor/install/include/arkode/arkode_arkstep_deprecated.h
-- Up-to-date: /home/daroch/AXIOMA_ASTRA/motor_nuevo/general_v2_20260922/vendor/install/include/arkode/arkode_bandpre.h
-- Up-to-date: /home/daroch/AXIOMA_ASTRA/motor_nuevo/general_v2_20260922/vendor/install/include/arkode/arkode_bbdpre.h
-- Up-to-date: /home/daroch/AXIOMA_ASTRA/motor_nuevo/general_v2_20260922/vendor/install/include/arkode/arkode_butcher.h
-- Up-to-date: /home/daroch/AXIOMA_ASTRA/motor_nuevo/general_v2_20260922/vendor/install/include/arkode/arkode_butcher_dirk.h
-- Up-to-date: /home/daroch/AXIOMA_ASTRA/motor_nuevo/general_v2_20260922/vendor/install/include/arkode/arkode_butcher_erk.h
-- Up-to-date: /home/daroch/AXIOMA_ASTRA/motor_nuevo/general_v2_20260922/vendor/install/include/arkode/arkode_erkstep.h
-- Up-to-date: /home/daroch/AXIOMA_ASTRA/motor_nuevo/general_v2_20260922/vendor/install/include/arkode/arkode_erkstep.hpp
-- Up-to-date: /home/daroch/AXIOMA_ASTRA/motor_nuevo/general_v2_20260922/vendor/install/include/arkode/arkode_erkstep_deprecated.h
-- Up-to-date: /home/daroch/AXIOMA_ASTRA/motor_nuevo/general_v2_20260922/vendor/install/include/arkode/arkode_forcingstep.h
-- Up-to-date: /home/daroch/AXIOMA_ASTRA/motor_nuevo/general_v2_20260922/vendor/install/include/arkode/arkode_forcingstep.hpp
-- Up-to-date: /home/daroch/AXIOMA_ASTRA/motor_nuevo/general_v2_20260922/vendor/install/include/arkode/arkode_ls.h
-- Up-to-date: /home/daroch/AXIOMA_ASTRA/motor_nuevo/general_v2_20260922/vendor/install/include/arkode/arkode_lsrkstep.h
-- Up-to-date: /home/daroch/AXIOMA_ASTRA/motor_nuevo/general_v2_20260922/vendor/install/include/arkode/arkode_lsrkstep.hpp
-- Up-to-date: /home/daroch/AXIOMA_ASTRA/motor_nuevo/general_v2_20260922/vendor/install/include/arkode/arkode_mristep.h
-- Up-to-date: /home/daroch/AXIOMA_ASTRA/motor_nuevo/general_v2_20260922/vendor/install/include/arkode/arkode_mristep.hpp
-- Up-to-date: /home/daroch/AXIOMA_ASTRA/motor_nuevo/general_v2_20260922/vendor/install/include/arkode/arkode_mristep_deprecated.h
-- Up-to-date: /home/daroch/AXIOMA_ASTRA/motor_nuevo/general_v2_20260922/vendor/install/include/arkode/arkode_splittingstep.h
-- Up-to-date: /home/daroch/AXIOMA_ASTRA/motor_nuevo/general_v2_20260922/vendor/install/include/arkode/arkode_splittingstep.hpp
-- Up-to-date: /home/daroch/AXIOMA_ASTRA/motor_nuevo/general_v2_20260922/vendor/install/include/arkode/arkode_sprk.h
-- Up-to-date: /home/daroch/AXIOMA_ASTRA/motor_nuevo/general_v2_20260922/vendor/install/include/arkode/arkode_sprkstep.h
-- Up-to-date: /home/daroch/AXIOMA_ASTRA/motor_nuevo/general_v2_20260922/vendor/install/include/arkode/arkode_sprkstep.hpp
-- Up-to-date: /home/daroch/AXIOMA_ASTRA/motor_nuevo/general_v2_20260922/vendor/install/include/arkode/arkode_sprkstep_deprecated.h
-- Up-to-date: /home/daroch/AXIOMA_ASTRA/motor_nuevo/general_v2_20260922/vendor/install/include/sundials/sundials_export.h
-- Installing: /home/daroch/AXIOMA_ASTRA/motor_nuevo/general_v2_20260922/vendor/install/include/sundials/sundials_config.h
-- Up-to-date: /home/daroch/AXIOMA_ASTRA/motor_nuevo/general_v2_20260922/vendor/install/include/sundials/LICENSE
-- Up-to-date: /home/daroch/AXIOMA_ASTRA/motor_nuevo/general_v2_20260922/vendor/install/include/sundials/NOTICE
-- Up-to-date: /home/daroch/AXIOMA_ASTRA/motor_nuevo/general_v2_20260922/vendor/install/lib/cmake/sundials/SUNDIALSTargets.cmake
-- Up-to-date: /home/daroch/AXIOMA_ASTRA/motor_nuevo/general_v2_20260922/vendor/install/lib/cmake/sundials/SUNDIALSTargets-release.cmake
-- Installing: /home/daroch/AXIOMA_ASTRA/motor_nuevo/general_v2_20260922/vendor/install/lib/cmake/sundials/SUNDIALSConfig.cmake
-- Up-to-date: /home/daroch/AXIOMA_ASTRA/motor_nuevo/general_v2_20260922/vendor/install/lib/cmake/sundials/SUNDIALSConfigVersion.cmake
