-- The C compiler identification is GNU 12.4.0
-- Detecting C compiler ABI info
-- Detecting C compiler ABI info - done
-- Check for working C compiler: /usr/bin/gcc-12 - skipped
-- Detecting C compile features
-- Detecting C compile features - done
-- SUNDIALS_GIT_VERSION: v7.6.0
-- Building SUNDIALS in 'Release' mode.
-- Looking for sys/types.h
-- Looking for sys/types.h - found
-- Looking for stdint.h
-- Looking for stdint.h - found
-- Looking for stddef.h
-- Looking for stddef.h - found
-- Check size of int64_t
-- Check size of int64_t - done
-- Using int64_t for indices
-- C standard set to 99
-- C extensions set to ON
-- Performing Test SUNDIALS_C_COMPILER_HAS_BUILTIN_EXPECT
-- Performing Test SUNDIALS_C_COMPILER_HAS_BUILTIN_EXPECT - Success
-- Performing Test SUNDIALS_C_COMPILER_HAS_ATTRIBUTE_ASSUME
-- Performing Test SUNDIALS_C_COMPILER_HAS_ATTRIBUTE_ASSUME - Failed
-- Performing Test SUNDIALS_C_COMPILER_HAS_BUILTIN_ASSUME
-- Performing Test SUNDIALS_C_COMPILER_HAS_BUILTIN_ASSUME - Failed
-- Performing Test SUNDIALS_C_COMPILER_HAS_ASSUME
-- Performing Test SUNDIALS_C_COMPILER_HAS_ASSUME - Failed
-- Performing Test SUNDIALS_C_COMPILER_HAS_ATTRIBUTE_UNUSED
-- Performing Test SUNDIALS_C_COMPILER_HAS_ATTRIBUTE_UNUSED - Success
-- Looking for POSIX timers... found
-- Performing Test COMPILER_HAS_DEPRECATED_MSG
-- Performing Test COMPILER_HAS_DEPRECATED_MSG - Success
-- The CXX compiler identification is GNU 12.4.0
-- Detecting CXX compiler ABI info
-- Detecting CXX compiler ABI info - done
-- Check for working CXX compiler: /usr/bin/g++-12 - skipped
-- Detecting CXX compile features
-- Detecting CXX compile features - done
-- CXX standard set to 14
-- C++ extensions set to ON
-- CUDA standard set to 14
-- The CUDA compiler identification is NVIDIA 12.0.140
-- Detecting CUDA compiler ABI info
-- Detecting CUDA compiler ABI info - done
-- Check for working CUDA compiler: /usr/bin/nvcc - skipped
-- Detecting CUDA compile features
-- Detecting CUDA compile features - done
-- Found CUDAToolkit: /usr/include (found version "12.0.140") 
-- Performing Test CMAKE_HAVE_LIBC_PTHREAD
-- Performing Test CMAKE_HAVE_LIBC_PTHREAD - Success
-- Found Threads: TRUE  
-- CUDA Toolkit Version:       12.0.140
-- CUDA Architectures:         89
-- CUDA Compiler:              /usr/bin/nvcc
-- CUDA Host Compiler:         /usr/bin/g++-12
-- CUDA Toolkit Includes:      /usr/include
-- CUDA Library Directory:     /usr/lib/x86_64-linux-gnu
-- CUDA Compile Flags:          --expt-extended-lambda --expt-relaxed-constexpr
-- CUDA Link Flags:            
-- CUDA Link Executable:       <CMAKE_CUDA_HOST_LINK_LAUNCHER> <LINK_FLAGS> <OBJECTS> -o <TARGET> <LINK_LIBRARIES> -L"/usr/lib/x86_64-linux-gnu/stubs" -L"/usr/lib/x86_64-linux-gnu"
-- CUDA Separable Compilation: 
-- Appending C RELEASE flags
-- Appending CXX RELEASE flags
-- Appending CUDA RELEASE flags
-- Performing Test COMPILER_HAS_HIDDEN_VISIBILITY
-- Performing Test COMPILER_HAS_HIDDEN_VISIBILITY - Success
-- Performing Test COMPILER_HAS_HIDDEN_INLINE_VISIBILITY
-- Performing Test COMPILER_HAS_HIDDEN_INLINE_VISIBILITY - Success
-- Performing Test COMPILER_HAS_DEPRECATED_ATTR
-- Performing Test COMPILER_HAS_DEPRECATED_ATTR - Success
-- Added NVECTOR_SERIAL module
-- Added NVECTOR_MANYVECTOR module
-- Added NVECTOR_CUDA module
-- Added SUNMATRIX_BAND module
-- Added SUNMATRIX_DENSE module
-- Added SUNMATRIX_SPARSE module
-- Added SUNLINSOL_BAND module
-- Added SUNLINSOL_DENSE module
-- Added SUNLINSOL_PCG module
-- Added SUNLINSOL_SPBCGS module
-- Added SUNLINSOL_SPFGMR module
-- Added SUNLINSOL_SPGMR module
-- Added SUNLINSOL_SPTFQMR module
-- Added SUNNONLINSOL_NEWTON module
-- Added SUNNONLINSOL_FIXEDPOINT module
-- Added SUNDOMEIGEST_POWER module
-- Added ARKODE module
-- Configuring done (10.9s)
-- Generating done (0.0s)
-- Build files have been written to: /home/daroch/AXIOMA_ASTRA/motor_nuevo/general_v2_20260922/vendor/build_gcc12
