{
  "case": "mixed",
  "model_identity": "8306307204c748e7fa5536d1092735ea5618654e7d6cc3141102c9ba2753f913",
  "profile": "fast",
  "end": 0.2,
  "states": 252,
  "connections": 192,
  "mass_nnz": 252,
  "times": [
    0.0,
    0.01,
    0.02,
    0.03,
    0.04,
    0.05,
    0.06,
    0.07,
    0.08,
    0.09,
    0.1,
    0.11,
    0.12,
    0.13,
    0.14,
    0.15,
    0.16,
    0.17,
    0.18,
    0.19,
    0.2
  ],
  "setup_s": 0.2584855959867127,
  "advance_scan_s": 2.579797634971328,
  "max_scaled_error": 9.344651623300187e-05,
  "eligible": true,
  "failure": null,
  "stats": {
    "steps": 25,
    "rhs_evaluations": 325,
    "nonlinear_iterations": 216,
    "linear_iterations": 739,
    "error_test_failures": 2,
    "callbacks": [
      325,
      739,
      1126,
      884,
      90
    ]
  },
  "reference_sha256": "e708e99215e40aae702aa76cb22a679206ada74364291b0125732713c197fa82",
  "measured_window_s": 3.151976516004652,
  "host_peak_GiB": 0.38564300537109375
}
