{
  "case": "clamp",
  "model_identity": "7d11cd4f8110e7e7f22b41769fd94c0cdd78396ac333485b52c03cd058ba59cf",
  "profile": "precise",
  "end": 1.0,
  "states": 2,
  "connections": 0,
  "mass_nnz": 3,
  "times": [
    0.0,
    0.05,
    0.1,
    0.15000000000000002,
    0.2,
    0.25,
    0.30000000000000004,
    0.35000000000000003,
    0.4,
    0.45,
    0.5,
    0.55,
    0.6000000000000001,
    0.65,
    0.7000000000000001,
    0.75,
    0.8,
    0.8500000000000001,
    0.9,
    0.9500000000000001,
    1.0
  ],
  "setup_s": 0.29178724403027445,
  "advance_scan_s": 0.46677547198487446,
  "max_scaled_error": 2.1769078914218757e-16,
  "eligible": true,
  "failure": null,
  "stats": {
    "steps": 22,
    "rhs_evaluations": 265,
    "nonlinear_iterations": 176,
    "linear_iterations": 88,
    "error_test_failures": 0,
    "callbacks": [
      265,
      88,
      396,
      176,
      66
    ]
  },
  "reference_sha256": null,
  "measured_window_s": 1.0792324169888161,
  "host_peak_GiB": 0.24948883056640625
}
